Archive member included because of file (symbol)

../../../lib/libchip.a(hal_spinlock.o)
                              (--whole-archive)
../../../lib/libchip.a(hal_dma.o)
                              (--whole-archive)
../../../lib/libchip.a(hal_nvic.o)
                              (--whole-archive)
../../../lib/libchip.a(hal_irtx.o)
                              (--whole-archive)
../../../lib/libchip.a(ir_nec.o)
                              (--whole-archive)
../../../lib/libchip.a(hal_dmic.o)
                              (--whole-archive)
../../../lib/libchip.a(hal_mbox.o)
                              (--whole-archive)
../../../lib/libchip.a(hal_util.o)
                              (--whole-archive)
../../../lib/libchip.a(hal_prcm.o)
                              (--whole-archive)
../../../lib/libchip.a(hal_flashcache.o)
                              (--whole-archive)
../../../lib/libchip.a(hal_i2s.o)
                              (--whole-archive)
../../../lib/libchip.a(hal_timer.o)
                              (--whole-archive)
../../../lib/libchip.a(hal_flash.o)
                              (--whole-archive)
../../../lib/libchip.a(hal_rtc.o)
                              (--whole-archive)
../../../lib/libchip.a(hal_i2c.o)
                              (--whole-archive)
../../../lib/libchip.a(hal_ccm.o)
                              (--whole-archive)
../../../lib/libchip.a(hal_uart.o)
                              (--whole-archive)
../../../lib/libchip.a(system_chip.o)
                              (--whole-archive)
../../../lib/libchip.a(hal_swd.o)
                              (--whole-archive)
../../../lib/libchip.a(hal_global.o)
                              (--whole-archive)
../../../lib/libchip.a(hal_board.o)
                              (--whole-archive)
../../../lib/libchip.a(hal_crypto.o)
                              (--whole-archive)
../../../lib/libchip.a(hal_csi.o)
                              (--whole-archive)
../../../lib/libchip.a(hal_wdg.o)
                              (--whole-archive)
../../../lib/libchip.a(hal_adc.o)
                              (--whole-archive)
../../../lib/libchip.a(hal_irrx.o)
                              (--whole-archive)
../../../lib/libchip.a(hal_spi.o)
                              (--whole-archive)
../../../lib/libchip.a(hal_xip.o)
                              (--whole-archive)
../../../lib/libchip.a(hal_efuse.o)
                              (--whole-archive)
../../../lib/libchip.a(hal_gpio.o)
                              (--whole-archive)
../../../lib/libchip.a(hal_wakeup.o)
                              (--whole-archive)
../../../lib/libchip.a(hal_flashctrl.o)
                              (--whole-archive)
../../../lib/libchip.a(hal_pwm.o)
                              (--whole-archive)
../../../lib/libchip.a(hal_sdhost.o)
                              (--whole-archive)
../../../lib/libchip.a(core.o)
                              (--whole-archive)
../../../lib/libchip.a(test.o)
                              (--whole-archive)
../../../lib/libchip.a(sd.o)  (--whole-archive)
../../../lib/libchip.a(hal_ac101.o)
                              (--whole-archive)
../../../lib/libchip.a(hal_codec.o)
                              (--whole-archive)
../../../lib/libchip.a(hal_ac102.o)
                              (--whole-archive)
../../../lib/libchip.a(flash_P25QXXH.o)
                              (--whole-archive)
../../../lib/libchip.a(flash_XT25FXXB.o)
                              (--whole-archive)
../../../lib/libchip.a(flash_XM25QHXXA.o)
                              (--whole-archive)
../../../lib/libchip.a(flash_EN25QHXXA.o)
                              (--whole-archive)
../../../lib/libchip.a(flash_chip.o)
                              (--whole-archive)
../../../lib/libchip.a(flash_default.o)
                              (--whole-archive)
../../../lib/libimage.a(flash.o)
                              ../main.o (flash_rw)
../../../lib/libimage.a(image.o)
                              ../main.o (image_init)
../../../lib/libimage.a(fdcm.o)
                              ../../../lib/libimage.a(image.o) (fdcm_open)
../../../lib/libos.a(os_thread.o)
                              ../../../project/common/startup/gcc/retarget_main.o (OS_ThreadCreate)
../../../lib/libos.a(os_timer.o)
                              ../../../lib/libchip.a(hal_sdhost.o) (OS_TimerCreate)
../../../lib/libos.a(os_semaphore.o)
                              ../../../lib/libchip.a(hal_crypto.o) (OS_SemaphoreCreate)
../../../lib/libos.a(os_mutex.o)
                              ../../../lib/libchip.a(hal_i2s.o) (OS_MutexCreate)
../../../lib/libos.a(os_debug.o)
                              ../../../lib/libchip.a(test.o) (print_hex_dump_words)
../../../lib/libuncompress.a(xz_dec_stream.o)
                              ../main.o (xz_dec_run)
../../../lib/libuncompress.a(xz_crc32.o)
                              ../../../lib/libuncompress.a(xz_dec_stream.o) (xz_crc32)
[...]
Memory Configuration

Name             Origin             Length             Attributes
RAM              0x0005a000         0x0000d000         xrw
RAM1             0x00067000         0x00019000         xrw
*default*        0x00000000         0xffffffff

Linker script and memory map

LOAD /home/sandra/tools/gcc-arm-none-eabi-4_9-2015q2/bin/../lib/gcc/arm-none-eabi/4.9.3/armv7e-m/softfp/crti.o
LOAD /home/sandra/tools/gcc-arm-none-eabi-4_9-2015q2/bin/../lib/gcc/arm-none-eabi/4.9.3/armv7e-m/softfp/crtbegin.o
LOAD /home/sandra/tools/gcc-arm-none-eabi-4_9-2015q2/bin/../lib/gcc/arm-none-eabi/4.9.3/../../../../arm-none-eabi/lib/armv7e-m/softfp/crt0.o
LOAD ../main.o
LOAD ../../../project/common/startup/gcc/retarget.o
LOAD ../../../project/common/startup/gcc/retarget_main.o
LOAD ../../../project/common/startup/gcc/exception.o
LOAD ../../../project/common/startup/gcc/retarget_stdout.o
LOAD ../../../project/common/startup/gcc/startup.o
LOAD ../../../project/common/board/board.o
LOAD ../../../project/common/board/board_common.o
LOAD ../../../project/common/board/xr871_bl_base/board_config.o
LOAD ../../../lib/libchip.a
LOAD ../../../lib/libota.a
LOAD ../../../lib/libimage.a
LOAD ../../../lib/libos.a
LOAD ../../../lib/libuncompress.a
LOAD ../../../lib/libfreertos.a
LOAD /home/sandra/tools/gcc-arm-none-eabi-4_9-2015q2/bin/../lib/gcc/arm-none-eabi/4.9.3/../../../../arm-none-eabi/lib/armv7e-m/softfp/libstdc++_nano.a
LOAD /home/sandra/tools/gcc-arm-none-eabi-4_9-2015q2/bin/../lib/gcc/arm-none-eabi/4.9.3/../../../../arm-none-eabi/lib/armv7e-m/softfp/libsupc++_nano.a
LOAD /home/sandra/tools/gcc-arm-none-eabi-4_9-2015q2/bin/../lib/gcc/arm-none-eabi/4.9.3/../../../../arm-none-eabi/lib/armv7e-m/softfp/libm.a
LOAD /home/sandra/tools/gcc-arm-none-eabi-4_9-2015q2/bin/../lib/gcc/arm-none-eabi/4.9.3/../../../../arm-none-eabi/lib/armv7e-m/softfp/libc_nano.a
LOAD /home/sandra/tools/gcc-arm-none-eabi-4_9-2015q2/bin/../lib/gcc/arm-none-eabi/4.9.3/armv7e-m/softfp/libgcc.a
LOAD /home/sandra/tools/gcc-arm-none-eabi-4_9-2015q2/bin/../lib/gcc/arm-none-eabi/4.9.3/../../../../arm-none-eabi/lib/armv7e-m/softfp/libnosys.a
LOAD ../../../lib/libxrc.a
START GROUP
LOAD /home/sandra/tools/gcc-arm-none-eabi-4_9-2015q2/bin/../lib/gcc/arm-none-eabi/4.9.3/armv7e-m/softfp/libgcc.a
LOAD /home/sandra/tools/gcc-arm-none-eabi-4_9-2015q2/bin/../lib/gcc/arm-none-eabi/4.9.3/../../../../arm-none-eabi/lib/armv7e-m/softfp/libc_nano.a
END GROUP
START GROUP
LOAD /home/sandra/tools/gcc-arm-none-eabi-4_9-2015q2/bin/../lib/gcc/arm-none-eabi/4.9.3/armv7e-m/softfp/libgcc.a
LOAD /home/sandra/tools/gcc-arm-none-eabi-4_9-2015q2/bin/../lib/gcc/arm-none-eabi/4.9.3/../../../../arm-none-eabi/lib/armv7e-m/softfp/libc_nano.a
END GROUP
LOAD /home/sandra/tools/gcc-arm-none-eabi-4_9-2015q2/bin/../lib/gcc/arm-none-eabi/4.9.3/armv7e-m/softfp/crtend.o
LOAD /home/sandra/tools/gcc-arm-none-eabi-4_9-2015q2/bin/../lib/gcc/arm-none-eabi/4.9.3/armv7e-m/softfp/crtn.o
                0x0005a000                __RAM_BASE = ORIGIN (RAM)

.text           0x0005a000     0x8c94
 *(.isr_vector)
 .isr_vector    0x0005a000      0x100 ../../../project/common/startup/gcc/startup.o
                0x0005a000                g_pfnVectors
 *(.text.Reset_Handler)
 .text.Reset_Handler
                0x0005a100       0x10 ../../../project/common/startup/gcc/startup.o
                0x0005a100                Reset_Handler
 *(.cpu_text)
 .cpu_text      0x0005a110        0x2 ../../../project/common/startup/gcc/startup.o
                0x0005a110                DebugMon_Handler
                0x0005a110                N_WDT_IRQHandler
                0x0005a110                HardFault_Handler
                0x0005a110                IRTX_IRQHandler
                0x0005a110                NMI_Handler
                0x0005a110                UsageFault_Handler
                0x0005a110                SPI1_IRQHandler
                0x0005a110                CE_IRQHandler
                0x0005a110                I2S_IRQHandler
                0x0005a110                GPIOC_IRQHandler
                0x0005a110                SDC_IRQHandler
                0x0005a110                WKUP_TIMER1_IRQHandler
                0x0005a110                N_TIMER1_IRQHandler
                0x0005a110                N_TIMER0_IRQHandler
                0x0005a110                Default_Handler
                0x0005a110                WKUP_TIMER0_IRQHandler
                0x0005a110                MemManage_Handler
                0x0005a110                IRRX_IRQHandler
                0x0005a110                N_SDC_IRQHandler
                0x0005a110                SPI0_IRQHandler
                0x0005a110                N_SPI_IRQHandler
                0x0005a110                BusFault_Handler
                0x0005a110                N_WIFIC_IRQHandler
                0x0005a110                DMIC_IRQHandler
 *(.text*)
 *fill*         0x0005a112        0x2 
 .text          0x0005a114       0x5c /home/sandra/tools/gcc-arm-none-eabi-4_9-2015q2/bin/../lib/gcc/arm-none-eabi/4.9.3/armv7e-m/softfp/crtbegin.o
 .text          0x0005a170       0x74 /home/sandra/tools/gcc-arm-none-eabi-4_9-2015q2/bin/../lib/gcc/arm-none-eabi/4.9.3/../../../../arm-none-eabi/lib/armv7e-m/softfp/crt0.o
                0x0005a170                _mainCRTStartup
                0x0005a170                _start
 .text.bl_load_app_bin
                0x0005a1e4       0x60 ../main.o
 .text.startup.main
                0x0005a244      0x3bc ../main.o
                0x0005a244                main
 .text.hardware_init_hook
                0x0005a600       0x14 ../../../project/common/startup/gcc/retarget.o
                0x0005a600                hardware_init_hook
 .text.__wrap_main
                0x0005a614       0x18 ../../../project/common/startup/gcc/retarget.o
                0x0005a614                __wrap_main
 .text._sbrk    0x0005a62c       0x2c ../../../project/common/startup/gcc/retarget.o
                0x0005a62c                _sbrk
 .text._exit    0x0005a658       0x14 ../../../project/common/startup/gcc/retarget.o
                0x0005a658                _exit
 .text.main_task
                0x0005a66c       0x14 ../../../project/common/startup/gcc/retarget_main.o
 .text.main_task_start
                0x0005a680       0x40 ../../../project/common/startup/gcc/retarget_main.o
                0x0005a680                main_task_start
 .text.stdout_init
                0x0005a6c0       0x24 ../../../project/common/startup/gcc/retarget_stdout.o
                0x0005a6c0                stdout_init
 .text._write   0x0005a6e4       0x94 ../../../project/common/startup/gcc/retarget_stdout.o
                0x0005a6e4                _write
 .text.board_uart_init
                0x0005a778        0xc ../../../project/common/board/board.o
                0x0005a778                board_uart_init
 .text.board_uart_deinit
                0x0005a784        0x4 ../../../project/common/board/board.o
                0x0005a784                board_uart_deinit
 .text.board_uart_write
                0x0005a788        0x4 ../../../project/common/board/board.o
                0x0005a788                board_uart_write
 .text.board_pinmux_cfg
                0x0005a78c       0x24 ../../../project/common/board/board_common.o
                0x0005a78c                board_pinmux_cfg
 .text.board_chip_clock_init
                0x0005a7b0       0x3c ../../../project/common/board/board_common.o
                0x0005a7b0                board_chip_clock_init
 .text.board_get_flashc_sip_pinmux_cfg
                0x0005a7ec       0x38 ../../../project/common/board/board_common.o
                0x0005a7ec                board_get_flashc_sip_pinmux_cfg
 .text.board_ioctl
                0x0005a824       0xf8 ../../../project/common/board/xr871_bl_base/board_config.o
                0x0005a824                board_ioctl
 .text.DMA_IRQHandler
                0x0005a91c       0x44 ../../../lib/libchip.a(hal_dma.o)
                0x0005a91c                DMA_IRQHandler
 .text.DMA_EnableIRQ
                0x0005a960       0x14 ../../../lib/libchip.a(hal_dma.o)
                0x0005a960                DMA_EnableIRQ
 .text.HAL_DMA_Request
                0x0005a974       0x48 ../../../lib/libchip.a(hal_dma.o)
                0x0005a974                HAL_DMA_Request
 .text.HAL_DMA_Release
                0x0005a9bc       0x30 ../../../lib/libchip.a(hal_dma.o)
                0x0005a9bc                HAL_DMA_Release
 .text.HAL_DMA_Init
                0x0005a9ec       0xa8 ../../../lib/libchip.a(hal_dma.o)
                0x0005a9ec                HAL_DMA_Init
 .text.HAL_DMA_DeInit
                0x0005aa94       0x6c ../../../lib/libchip.a(hal_dma.o)
                0x0005aa94                HAL_DMA_DeInit
 .text.HAL_DMA_Start
                0x0005ab00       0x5c ../../../lib/libchip.a(hal_dma.o)
                0x0005ab00                HAL_DMA_Start
 .text.HAL_DMA_Stop
                0x0005ab5c       0x34 ../../../lib/libchip.a(hal_dma.o)
                0x0005ab5c                HAL_DMA_Stop
 .text.HAL_NVIC_SetPriorityGrouping
                0x0005ab90       0x24 ../../../lib/libchip.a(hal_nvic.o)
                0x0005ab90                HAL_NVIC_SetPriorityGrouping
 .text.HAL_NVIC_SetPriority
                0x0005abb4       0x2c ../../../lib/libchip.a(hal_nvic.o)
                0x0005abb4                HAL_NVIC_SetPriority
 .text.HAL_NVIC_EnableIRQ
                0x0005abe0       0x18 ../../../lib/libchip.a(hal_nvic.o)
                0x0005abe0                HAL_NVIC_EnableIRQ
 .text.HAL_NVIC_DisableIRQ
                0x0005abf8       0x18 ../../../lib/libchip.a(hal_nvic.o)
                0x0005abf8                HAL_NVIC_DisableIRQ
 .text.HAL_NVIC_Init
                0x0005ac10       0x10 ../../../lib/libchip.a(hal_nvic.o)
                0x0005ac10                HAL_NVIC_Init
 .text.HAL_UDelay
                0x0005ac20       0x1c ../../../lib/libchip.a(hal_util.o)
                0x0005ac20                HAL_UDelay
 .text.HAL_PRCM_SetDCDCVoltage
                0x0005ac3c       0x14 ../../../lib/libchip.a(hal_prcm.o)
                0x0005ac3c                HAL_PRCM_SetDCDCVoltage
 .text.HAL_PRCM_DisableSys2Power
                0x0005ac50       0x10 ../../../lib/libchip.a(hal_prcm.o)
                0x0005ac50                HAL_PRCM_DisableSys2Power
 .text.HAL_PRCM_SetLFCLKSource
                0x0005ac60       0x20 ../../../lib/libchip.a(hal_prcm.o)
                0x0005ac60                HAL_PRCM_SetLFCLKSource
 .text.HAL_PRCM_SetHOSCType
                0x0005ac80       0x14 ../../../lib/libchip.a(hal_prcm.o)
                0x0005ac80                HAL_PRCM_SetHOSCType
 .text.HAL_PRCM_GetHFClock
                0x0005ac94       0x18 ../../../lib/libchip.a(hal_prcm.o)
                0x0005ac94                HAL_PRCM_GetHFClock
 .text.HAL_PRCM_GetInter32KFreq
                0x0005acac       0x14 ../../../lib/libchip.a(hal_prcm.o)
                0x0005acac                HAL_PRCM_GetInter32KFreq
 .text.HAL_PRCM_DisableInter32KCalib
                0x0005acc0       0x10 ../../../lib/libchip.a(hal_prcm.o)
                0x0005acc0                HAL_PRCM_DisableInter32KCalib
 .text.HAL_PRCM_GetLFClock
                0x0005acd0       0x1c ../../../lib/libchip.a(hal_prcm.o)
                0x0005acd0                HAL_PRCM_GetLFClock
 .text.HAL_PRCM_SetSysPLL
                0x0005acec       0x10 ../../../lib/libchip.a(hal_prcm.o)
                0x0005acec                HAL_PRCM_SetSysPLL
 .text.HAL_PRCM_DisableSysPLL
                0x0005acfc       0x10 ../../../lib/libchip.a(hal_prcm.o)
                0x0005acfc                HAL_PRCM_DisableSysPLL
 .text.HAL_PRCM_SetCPUAClk
                0x0005ad0c       0x44 ../../../lib/libchip.a(hal_prcm.o)
                0x0005ad0c                HAL_PRCM_SetCPUAClk
 .text.HAL_PRCM_DisCLK1
                0x0005ad50       0x1c ../../../lib/libchip.a(hal_prcm.o)
                0x0005ad50                HAL_PRCM_DisCLK1
 .text.HAL_PRCM_GetCPUAClk
                0x0005ad6c       0x30 ../../../lib/libchip.a(hal_prcm.o)
                0x0005ad6c                HAL_PRCM_GetCPUAClk
 .text.HAL_PRCM_SetDevClock
                0x0005ad9c        0xc ../../../lib/libchip.a(hal_prcm.o)
                0x0005ad9c                HAL_PRCM_SetDevClock
 .text.HAL_PRCM_GetDevClock
                0x0005ada8       0x1c ../../../lib/libchip.a(hal_prcm.o)
                0x0005ada8                HAL_PRCM_GetDevClock
 .text.HAL_PRCM_DisableSys2
                0x0005adc4       0x14 ../../../lib/libchip.a(hal_prcm.o)
                0x0005adc4                HAL_PRCM_DisableSys2
 .text.HAL_PRCM_SetSRAMVoltage
                0x0005add8       0x18 ../../../lib/libchip.a(hal_prcm.o)
                0x0005add8                HAL_PRCM_SetSRAMVoltage
 .text.HAL_PRCM_SetCPUABootFlag
                0x0005adf0       0x14 ../../../lib/libchip.a(hal_prcm.o)
                0x0005adf0                HAL_PRCM_SetCPUABootFlag
 .text.HAL_PRCM_GetCPUABootFlag
                0x0005ae04       0x10 ../../../lib/libchip.a(hal_prcm.o)
                0x0005ae04                HAL_PRCM_GetCPUABootFlag
 .text.HAL_PRCM_IsFlashSip
                0x0005ae14       0x10 ../../../lib/libchip.a(hal_prcm.o)
                0x0005ae14                HAL_PRCM_IsFlashSip
 .text.HAL_PRCM_GetFlashSipMode
                0x0005ae24       0x10 ../../../lib/libchip.a(hal_prcm.o)
                0x0005ae24                HAL_PRCM_GetFlashSipMode
 .text.flashcFlashSetFreq
                0x0005ae34        0x6 ../../../lib/libchip.a(hal_flash.o)
 .text.flashcFlashMsleep
                0x0005ae3a        0xa ../../../lib/libchip.a(hal_flash.o)
                0x0005ae3a                flashcFlashMsleep
 .text.flashcFlashOpen
                0x0005ae44        0x4 ../../../lib/libchip.a(hal_flash.o)
                0x0005ae44                flashcFlashOpen
 .text.flashcFlashClose
                0x0005ae48        0x4 ../../../lib/libchip.a(hal_flash.o)
                0x0005ae48                flashcFlashClose
 .text.flashcFlashDestroy
                0x0005ae4c       0x12 ../../../lib/libchip.a(hal_flash.o)
 .text.HAL_Flash_WaitCompl.constprop.2
                0x0005ae5e       0x2a ../../../lib/libchip.a(hal_flash.o)
 .text.insToFcIns
                0x0005ae88       0x1e ../../../lib/libchip.a(hal_flash.o)
                0x0005ae88                insToFcIns
 .text.flashcFlashWrite
                0x0005aea6       0x60 ../../../lib/libchip.a(hal_flash.o)
 .text.flashcFlashRead
                0x0005af06       0x60 ../../../lib/libchip.a(hal_flash.o)
 *fill*         0x0005af66        0x2 
 .text.getFlashDev
                0x0005af68       0x1c ../../../lib/libchip.a(hal_flash.o)
                0x0005af68                getFlashDev
 .text.HAL_Flash_Init
                0x0005af84      0x134 ../../../lib/libchip.a(hal_flash.o)
                0x0005af84                HAL_Flash_Init
 .text.HAL_Flash_Deinit
                0x0005b0b8       0x4e ../../../lib/libchip.a(hal_flash.o)
                0x0005b0b8                HAL_Flash_Deinit
 .text.HAL_Flash_Open
                0x0005b106       0x22 ../../../lib/libchip.a(hal_flash.o)
                0x0005b106                HAL_Flash_Open
 .text.HAL_Flash_Close
                0x0005b128       0x1e ../../../lib/libchip.a(hal_flash.o)
                0x0005b128                HAL_Flash_Close
 .text.HAL_Flash_Write
                0x0005b146       0x84 ../../../lib/libchip.a(hal_flash.o)
                0x0005b146                HAL_Flash_Write
 .text.HAL_Flash_Read
                0x0005b1ca       0x3e ../../../lib/libchip.a(hal_flash.o)
                0x0005b1ca                HAL_Flash_Read
 .text.HAL_Flash_Erase
                0x0005b208       0x62 ../../../lib/libchip.a(hal_flash.o)
                0x0005b208                HAL_Flash_Erase
 .text.HAL_Flash_MemoryOf
                0x0005b26a       0x24 ../../../lib/libchip.a(hal_flash.o)
                0x0005b26a                HAL_Flash_MemoryOf
 *fill*         0x0005b28e        0x2 
 .text.HAL_RTC_GetFreeRunTime
                0x0005b290       0x40 ../../../lib/libchip.a(hal_rtc.o)
                0x0005b290                HAL_RTC_GetFreeRunTime
 .text.HAL_CCM_BusSetClock
                0x0005b2d0       0x10 ../../../lib/libchip.a(hal_ccm.o)
                0x0005b2d0                HAL_CCM_BusSetClock
 .text.HAL_CCM_BusGetAHB2Clock
                0x0005b2e0       0x1c ../../../lib/libchip.a(hal_ccm.o)
                0x0005b2e0                HAL_CCM_BusGetAHB2Clock
 .text.HAL_CCM_BusGetAPBClock
                0x0005b2fc       0x2c ../../../lib/libchip.a(hal_ccm.o)
                0x0005b2fc                HAL_CCM_BusGetAPBClock
 .text.HAL_CCM_BusEnablePeriphClock
                0x0005b328       0x10 ../../../lib/libchip.a(hal_ccm.o)
                0x0005b328                HAL_CCM_BusEnablePeriphClock
 .text.HAL_CCM_BusDisablePeriphClock
                0x0005b338       0x10 ../../../lib/libchip.a(hal_ccm.o)
                0x0005b338                HAL_CCM_BusDisablePeriphClock
 .text.HAL_CCM_BusDisableAllPeriphClock
                0x0005b348        0xc ../../../lib/libchip.a(hal_ccm.o)
                0x0005b348                HAL_CCM_BusDisableAllPeriphClock
 .text.HAL_CCM_BusForcePeriphReset
                0x0005b354       0x10 ../../../lib/libchip.a(hal_ccm.o)
                0x0005b354                HAL_CCM_BusForcePeriphReset
 .text.HAL_CCM_BusReleasePeriphReset
                0x0005b364       0x10 ../../../lib/libchip.a(hal_ccm.o)
                0x0005b364                HAL_CCM_BusReleasePeriphReset
 .text.HAL_CCM_BusForceAllPeriphReset
                0x0005b374        0xc ../../../lib/libchip.a(hal_ccm.o)
                0x0005b374                HAL_CCM_BusForceAllPeriphReset
 .text.HAL_CCM_FLASHC_SetMClock
                0x0005b380       0x1c ../../../lib/libchip.a(hal_ccm.o)
                0x0005b380                HAL_CCM_FLASHC_SetMClock
 .text.HAL_CCM_FLASHC_EnableMClock
                0x0005b39c       0x10 ../../../lib/libchip.a(hal_ccm.o)
                0x0005b39c                HAL_CCM_FLASHC_EnableMClock
 .text.HAL_CCM_FLASHC_DisableMClock
                0x0005b3ac       0x10 ../../../lib/libchip.a(hal_ccm.o)
                0x0005b3ac                HAL_CCM_FLASHC_DisableMClock
 .text.HAL_CCM_Init
                0x0005b3bc        0x2 ../../../lib/libchip.a(hal_ccm.o)
                0x0005b3bc                HAL_CCM_Init
 *fill*         0x0005b3be        0x2 
 .text.UART_IRQHandler
                0x0005b3c0       0xcc ../../../lib/libchip.a(hal_uart.o)
 .text.UART0_IRQHandler
                0x0005b48c       0x10 ../../../lib/libchip.a(hal_uart.o)
                0x0005b48c                UART0_IRQHandler
 .text.UART1_IRQHandler
                0x0005b49c       0x10 ../../../lib/libchip.a(hal_uart.o)
                0x0005b49c                UART1_IRQHandler
 .text.HAL_UART_Init
                0x0005b4ac      0x164 ../../../lib/libchip.a(hal_uart.o)
                0x0005b4ac                HAL_UART_Init
 .text.HAL_UART_DisableTxDMA
                0x0005b610       0x48 ../../../lib/libchip.a(hal_uart.o)
                0x0005b610                HAL_UART_DisableTxDMA
 .text.HAL_UART_DisableRxDMA
                0x0005b658       0x48 ../../../lib/libchip.a(hal_uart.o)
                0x0005b658                HAL_UART_DisableRxDMA
 .text.HAL_UART_DeInit
                0x0005b6a0       0xc0 ../../../lib/libchip.a(hal_uart.o)
                0x0005b6a0                HAL_UART_DeInit
 .text.HAL_UART_Transmit_Poll
                0x0005b760       0x4c ../../../lib/libchip.a(hal_uart.o)
                0x0005b760                HAL_UART_Transmit_Poll
 .text.SystemInit
                0x0005b7ac       0x70 ../../../lib/libchip.a(system_chip.o)
                0x0005b7ac                SystemInit
 .text.SystemDeInit
                0x0005b81c       0x6c ../../../lib/libchip.a(system_chip.o)
                0x0005b81c                SystemDeInit
 .text.SystemCoreClockUpdate
                0x0005b888       0x10 ../../../lib/libchip.a(system_chip.o)
                0x0005b888                SystemCoreClockUpdate
 .text.HAL_GlobalInit
                0x0005b898       0x14 ../../../lib/libchip.a(hal_global.o)
                0x0005b898                HAL_GlobalInit
 .text.HAL_GlobalGetChipVer
                0x0005b8ac       0x48 ../../../lib/libchip.a(hal_global.o)
                0x0005b8ac                HAL_GlobalGetChipVer
 .text.HAL_BoardIoctlCbRegister
                0x0005b8f4       0x10 ../../../lib/libchip.a(hal_board.o)
                0x0005b8f4                HAL_BoardIoctlCbRegister
 .text.HAL_BoardIoctl
                0x0005b904       0x14 ../../../lib/libchip.a(hal_board.o)
                0x0005b904                HAL_BoardIoctl
 .text.HAL_WDG_Start
                0x0005b918       0x18 ../../../lib/libchip.a(hal_wdg.o)
                0x0005b918                HAL_WDG_Start
 .text.HAL_WDG_Reboot
                0x0005b930       0x28 ../../../lib/libchip.a(hal_wdg.o)
                0x0005b930                HAL_WDG_Reboot
 .text.EFUSE_ReadData
                0x0005b958       0x5c ../../../lib/libchip.a(hal_efuse.o)
 .text.EFUSE_Init
                0x0005b9b4       0x4c ../../../lib/libchip.a(hal_efuse.o)
 .text.HAL_EFUSE_Read
                0x0005ba00      0x134 ../../../lib/libchip.a(hal_efuse.o)
                0x0005ba00                HAL_EFUSE_Read
 .text.HAL_GPIO_Init
                0x0005bb34       0x8c ../../../lib/libchip.a(hal_gpio.o)
                0x0005bb34                HAL_GPIO_Init
 .text.HAL_GPIO_DeInit
                0x0005bbc0       0x78 ../../../lib/libchip.a(hal_gpio.o)
                0x0005bbc0                HAL_GPIO_DeInit
 .text.HAL_GPIO_PinMuxConfig
                0x0005bc38       0x24 ../../../lib/libchip.a(hal_gpio.o)
                0x0005bc38                HAL_GPIO_PinMuxConfig
 .text.HAL_GPIO_PinMuxDeConfig
                0x0005bc5c       0x1c ../../../lib/libchip.a(hal_gpio.o)
                0x0005bc5c                HAL_GPIO_PinMuxDeConfig
 .text.FC_Sbus_StartSend
                0x0005bc78       0x10 ../../../lib/libchip.a(hal_flashctrl.o)
 .text.HAL_Flashc_DMARelease
                0x0005bc88        0xc ../../../lib/libchip.a(hal_flashctrl.o)
 .text.HAL_Flashc_EnableCCMU
                0x0005bc94       0x20 ../../../lib/libchip.a(hal_flashctrl.o)
 .text.HAL_Flashc_PinInit
                0x0005bcb4       0x1c ../../../lib/libchip.a(hal_flashctrl.o)
 .text.HAL_Flashc_PinDeinit
                0x0005bcd0       0x1c ../../../lib/libchip.a(hal_flashctrl.o)
 .text.HAL_Flashc_DisableCCMU
                0x0005bcec       0x24 ../../../lib/libchip.a(hal_flashctrl.o)
 .text.HAL_Flashc_Xip_RawEnable
                0x0005bd10       0x2c ../../../lib/libchip.a(hal_flashctrl.o)
                0x0005bd10                HAL_Flashc_Xip_RawEnable
 .text.HAL_Flashc_Xip_RawDisable
                0x0005bd3c       0x44 ../../../lib/libchip.a(hal_flashctrl.o)
                0x0005bd3c                HAL_Flashc_Xip_RawDisable
 .text.HAL_XIP_Delay
                0x0005bd80       0x1c ../../../lib/libchip.a(hal_flashctrl.o)
                0x0005bd80                HAL_XIP_Delay
 .text.HAL_Flashc_Init
                0x0005bd9c       0xe8 ../../../lib/libchip.a(hal_flashctrl.o)
                0x0005bd9c                HAL_Flashc_Init
 .text.HAL_Flashc_Deinit
                0x0005be84        0x4 ../../../lib/libchip.a(hal_flashctrl.o)
                0x0005be84                HAL_Flashc_Deinit
 .text.HAL_Flashc_Open
                0x0005be88       0x2c ../../../lib/libchip.a(hal_flashctrl.o)
                0x0005be88                HAL_Flashc_Open
 .text.HAL_Flashc_Close
                0x0005beb4       0x1c ../../../lib/libchip.a(hal_flashctrl.o)
                0x0005beb4                HAL_Flashc_Close
 .text.HAL_Flashc_Write
                0x0005bed0      0x1c4 ../../../lib/libchip.a(hal_flashctrl.o)
                0x0005bed0                HAL_Flashc_Write
 .text.HAL_Flashc_Read
                0x0005c094      0x1bc ../../../lib/libchip.a(hal_flashctrl.o)
                0x0005c094                HAL_Flashc_Read
 .text.FlashChipCreate
                0x0005c250       0x7c ../../../lib/libchip.a(flash_chip.o)
                0x0005c250                FlashChipCreate
 .text.defaultWriteEnable
                0x0005c2cc       0x4a ../../../lib/libchip.a(flash_chip.o)
                0x0005c2cc                defaultWriteEnable
 .text.defaultWriteDisable
                0x0005c316       0x4a ../../../lib/libchip.a(flash_chip.o)
                0x0005c316                defaultWriteDisable
 .text.defaultReadStatus
                0x0005c360       0x72 ../../../lib/libchip.a(flash_chip.o)
                0x0005c360                defaultReadStatus
 .text.defaultWriteStatus
                0x0005c3d2       0xbc ../../../lib/libchip.a(flash_chip.o)
                0x0005c3d2                defaultWriteStatus
 .text.defaultErase
                0x0005c48e       0x8e ../../../lib/libchip.a(flash_chip.o)
                0x0005c48e                defaultErase
 .text.defaultGetJedecID
                0x0005c51c       0x54 ../../../lib/libchip.a(flash_chip.o)
                0x0005c51c                defaultGetJedecID
 .text.defaultEnableQPIMode
                0x0005c570       0x6e ../../../lib/libchip.a(flash_chip.o)
                0x0005c570                defaultEnableQPIMode
 .text.defaultDisableQPIMode
                0x0005c5de       0x52 ../../../lib/libchip.a(flash_chip.o)
                0x0005c5de                defaultDisableQPIMode
 .text.defaultReset
                0x0005c630       0x66 ../../../lib/libchip.a(flash_chip.o)
                0x0005c630                defaultReset
 .text.defaultPageProgram
                0x0005c696       0x96 ../../../lib/libchip.a(flash_chip.o)
                0x0005c696                defaultPageProgram
 .text.defaultRead
                0x0005c72c       0xfc ../../../lib/libchip.a(flash_chip.o)
                0x0005c72c                defaultRead
 .text.defaultDriverWrite
                0x0005c828       0x64 ../../../lib/libchip.a(flash_chip.o)
                0x0005c828                defaultDriverWrite
 .text.defaultDriverRead
                0x0005c88c       0x64 ../../../lib/libchip.a(flash_chip.o)
                0x0005c88c                defaultDriverRead
 .text.defaultXipDriverCfg
                0x0005c8f0       0xe2 ../../../lib/libchip.a(flash_chip.o)
                0x0005c8f0                defaultXipDriverCfg
 .text.defaultSetFreq
                0x0005c9d2       0x40 ../../../lib/libchip.a(flash_chip.o)
                0x0005c9d2                defaultSetFreq
 .text.defaultSwitchReadMode
                0x0005ca12       0x7e ../../../lib/libchip.a(flash_chip.o)
                0x0005ca12                defaultSwitchReadMode
 .text.defaultEnableXIP
                0x0005ca90       0x36 ../../../lib/libchip.a(flash_chip.o)
                0x0005ca90                defaultEnableXIP
 .text.defaultDisableXIP
                0x0005cac6       0x36 ../../../lib/libchip.a(flash_chip.o)
                0x0005cac6                defaultDisableXIP
 .text.defaultIsBusy
                0x0005cafc       0x22 ../../../lib/libchip.a(flash_chip.o)
                0x0005cafc                defaultIsBusy
 .text.defaultControl
                0x0005cb1e       0xb4 ../../../lib/libchip.a(flash_chip.o)
                0x0005cb1e                defaultControl
 .text.defaultGetMinEraseSize
                0x0005cbd2       0x1c ../../../lib/libchip.a(flash_chip.o)
                0x0005cbd2                defaultGetMinEraseSize
 *fill*         0x0005cbee        0x2 
 .text.DefaultFlashInit
                0x0005cbf0       0xc4 ../../../lib/libchip.a(flash_default.o)
 .text.DefaultFlashDeinit
                0x0005ccb4        0xa ../../../lib/libchip.a(flash_default.o)
 *fill*         0x0005ccbe        0x2 
 .text.DefaultFlashCtor
                0x0005ccc0       0x44 ../../../lib/libchip.a(flash_default.o)
 .text.flash_rw
                0x0005cd04       0x90 ../../../lib/libimage.a(flash.o)
                0x0005cd04                flash_rw
 .text.flash_get_erase_block
                0x0005cd94       0x68 ../../../lib/libimage.a(flash.o)
                0x0005cd94                flash_get_erase_block
 .text.flash_erase
                0x0005cdfc       0xa4 ../../../lib/libimage.a(flash.o)
                0x0005cdfc                flash_erase
 .text.flash_erase_wrap
                0x0005cea0      0x1b8 ../../../lib/libimage.a(flash.o)
                0x0005cea0                flash_erase_wrap
 .text.image_checksum16
                0x0005d058       0x2a ../../../lib/libimage.a(image.o)
 *fill*         0x0005d082        0x2 
 .text.image_clear_sec_addr.constprop.8
                0x0005d084       0x2c ../../../lib/libimage.a(image.o)
 .text.image_get_addr.constprop.7
                0x0005d0b0      0x198 ../../../lib/libimage.a(image.o)
 .text.image_init
                0x0005d248       0xb4 ../../../lib/libimage.a(image.o)
                0x0005d248                image_init
 .text.image_get_ota_param
                0x0005d2fc        0x8 ../../../lib/libimage.a(image.o)
                0x0005d2fc                image_get_ota_param
 .text.image_set_running_seq
                0x0005d304        0xc ../../../lib/libimage.a(image.o)
                0x0005d304                image_set_running_seq
 .text.image_rw
                0x0005d310       0xd4 ../../../lib/libimage.a(image.o)
                0x0005d310                image_rw
 .text.image_get_checksum
                0x0005d3e4       0x28 ../../../lib/libimage.a(image.o)
                0x0005d3e4                image_get_checksum
 .text.image_check_header
                0x0005d40c       0x28 ../../../lib/libimage.a(image.o)
                0x0005d40c                image_check_header
 .text._image_check_section.constprop.6
                0x0005d434       0x98 ../../../lib/libimage.a(image.o)
 .text.image_check_data
                0x0005d4cc       0xac ../../../lib/libimage.a(image.o)
                0x0005d4cc                image_check_data
 .text.image_check_sections
                0x0005d578       0x74 ../../../lib/libimage.a(image.o)
                0x0005d578                image_check_sections
 .text.image_get_cfg
                0x0005d5ec       0xf8 ../../../lib/libimage.a(image.o)
                0x0005d5ec                image_get_cfg
 .text.image_set_cfg
                0x0005d6e4      0x118 ../../../lib/libimage.a(image.o)
                0x0005d6e4                image_set_cfg
 .text.fdcm_bit_count
                0x0005d7fc       0x26 ../../../lib/libimage.a(fdcm.o)
 *fill*         0x0005d822        0x2 
 .text.fdcm_rewrite
                0x0005d824       0xc8 ../../../lib/libimage.a(fdcm.o)
 .text.fdcm_open
                0x0005d8ec       0x3c ../../../lib/libimage.a(fdcm.o)
                0x0005d8ec                fdcm_open
 .text.fdcm_read
                0x0005d928       0xc8 ../../../lib/libimage.a(fdcm.o)
                0x0005d928                fdcm_read
 .text.fdcm_write
                0x0005d9f0      0x148 ../../../lib/libimage.a(fdcm.o)
                0x0005d9f0                fdcm_write
 .text.fdcm_close
                0x0005db38        0x8 ../../../lib/libimage.a(fdcm.o)
                0x0005db38                fdcm_close
 .text.OS_ThreadCreate
                0x0005db40       0x32 ../../../lib/libos.a(os_thread.o)
                0x0005db40                OS_ThreadCreate
 .text.OS_ThreadDelete
                0x0005db72       0x2a ../../../lib/libos.a(os_thread.o)
                0x0005db72                OS_ThreadDelete
 .text.vApplicationStackOverflowHook
                0x0005db9c        0x6 ../../../lib/libos.a(os_thread.o)
                0x0005db9c                vApplicationStackOverflowHook
 .text.OS_SemaphoreCreate
                0x0005dba2       0x16 ../../../lib/libos.a(os_semaphore.o)
                0x0005dba2                OS_SemaphoreCreate
 .text.OS_SemaphoreCreateBinary
                0x0005dbb8       0x1a ../../../lib/libos.a(os_semaphore.o)
                0x0005dbb8                OS_SemaphoreCreateBinary
 .text.OS_SemaphoreDelete
                0x0005dbd2       0x10 ../../../lib/libos.a(os_semaphore.o)
                0x0005dbd2                OS_SemaphoreDelete
 *fill*         0x0005dbe2        0x2 
 .text.OS_SemaphoreWait
                0x0005dbe4       0x58 ../../../lib/libos.a(os_semaphore.o)
                0x0005dbe4                OS_SemaphoreWait
 .text.OS_SemaphoreRelease
                0x0005dc3c       0x54 ../../../lib/libos.a(os_semaphore.o)
                0x0005dc3c                OS_SemaphoreRelease
 .text.OS_MutexCreate
                0x0005dc90       0x16 ../../../lib/libos.a(os_mutex.o)
                0x0005dc90                OS_MutexCreate
 .text.OS_MutexDelete
                0x0005dca6       0x10 ../../../lib/libos.a(os_mutex.o)
                0x0005dca6                OS_MutexDelete
 .text.OS_MutexLock
                0x0005dcb6       0x1a ../../../lib/libos.a(os_mutex.o)
                0x0005dcb6                OS_MutexLock
 .text.OS_MutexUnlock
                0x0005dcd0       0x1a ../../../lib/libos.a(os_mutex.o)
                0x0005dcd0                OS_MutexUnlock
 .text.OS_RecursiveMutexCreate
                0x0005dcea       0x16 ../../../lib/libos.a(os_mutex.o)
                0x0005dcea                OS_RecursiveMutexCreate
 .text.OS_RecursiveMutexLock
                0x0005dd00       0x14 ../../../lib/libos.a(os_mutex.o)
                0x0005dd00                OS_RecursiveMutexLock
 .text.OS_RecursiveMutexUnlock
                0x0005dd14       0x14 ../../../lib/libos.a(os_mutex.o)
                0x0005dd14                OS_RecursiveMutexUnlock
 .text.get_unaligned_le32
                0x0005dd28       0x16 ../../../lib/libuncompress.a(xz_dec_stream.o)
 .text.dec_vli  0x0005dd3e       0x6c ../../../lib/libuncompress.a(xz_dec_stream.o)
 .text.crc32_validate
                0x0005ddaa       0x38 ../../../lib/libuncompress.a(xz_dec_stream.o)
 .text.index_update
                0x0005dde2       0x28 ../../../lib/libuncompress.a(xz_dec_stream.o)
 .text.fill_temp
                0x0005de0a       0x4e ../../../lib/libuncompress.a(xz_dec_stream.o)
 .text.xz_dec_reset
                0x0005de58       0x32 ../../../lib/libuncompress.a(xz_dec_stream.o)
                0x0005de58                xz_dec_reset
 *fill*         0x0005de8a        0x2 
 .text.xz_dec_run
                0x0005de8c      0x544 ../../../lib/libuncompress.a(xz_dec_stream.o)
                0x0005de8c                xz_dec_run
 .text.xz_dec_init
                0x0005e3d0       0x38 ../../../lib/libuncompress.a(xz_dec_stream.o)
                0x0005e3d0                xz_dec_init
 .text.xz_dec_end
                0x0005e408       0x1a ../../../lib/libuncompress.a(xz_dec_stream.o)
                0x0005e408                xz_dec_end
 *fill*         0x0005e422        0x2 
 .text.xz_crc32
                0x0005e424       0x28 ../../../lib/libuncompress.a(xz_crc32.o)
                0x0005e424                xz_crc32
 .text.lzma_len
                0x0005e44c      0x118 ../../../lib/libuncompress.a(xz_dec_lzma2.o)
 .text.dict_repeat.part.0
                0x0005e564       0x50 ../../../lib/libuncompress.a(xz_dec_lzma2.o)
 .text.lzma_main
                0x0005e5b4      0x5f4 ../../../lib/libuncompress.a(xz_dec_lzma2.o)
 .text.xz_dec_lzma2_run
                0x0005eba8      0x470 ../../../lib/libuncompress.a(xz_dec_lzma2.o)
                0x0005eba8                xz_dec_lzma2_run
 .text.xz_dec_lzma2_create
                0x0005f018       0x44 ../../../lib/libuncompress.a(xz_dec_lzma2.o)
                0x0005f018                xz_dec_lzma2_create
 .text.xz_dec_lzma2_reset
                0x0005f05c       0x62 ../../../lib/libuncompress.a(xz_dec_lzma2.o)
                0x0005f05c                xz_dec_lzma2_reset
 .text.xz_dec_lzma2_end
                0x0005f0be       0x1a ../../../lib/libuncompress.a(xz_dec_lzma2.o)
                0x0005f0be                xz_dec_lzma2_end
 .text.prvCopyDataToQueue
                0x0005f0d8       0x6a ../../../lib/libfreertos.a(queue.o)
 .text.prvNotifyQueueSetContainer
                0x0005f142       0x44 ../../../lib/libfreertos.a(queue.o)
 .text.prvCopyDataFromQueue
                0x0005f186       0x26 ../../../lib/libfreertos.a(queue.o)
 .text.prvUnlockQueue
                0x0005f1ac       0x78 ../../../lib/libfreertos.a(queue.o)
 .text.xQueueGenericReset
                0x0005f224       0x6c ../../../lib/libfreertos.a(queue.o)
                0x0005f224                xQueueGenericReset
 .text.xQueueGenericCreate
                0x0005f290       0x3a ../../../lib/libfreertos.a(queue.o)
                0x0005f290                xQueueGenericCreate
 .text.xQueueCreateCountingSemaphore
                0x0005f2ca       0x12 ../../../lib/libfreertos.a(queue.o)
                0x0005f2ca                xQueueCreateCountingSemaphore
 .text.xQueueGenericSend
                0x0005f2dc      0x100 ../../../lib/libfreertos.a(queue.o)
                0x0005f2dc                xQueueGenericSend
 .text.xQueueCreateMutex
                0x0005f3dc       0x46 ../../../lib/libfreertos.a(queue.o)
                0x0005f3dc                xQueueCreateMutex
 .text.xQueueGiveMutexRecursive
                0x0005f422       0x2a ../../../lib/libfreertos.a(queue.o)
                0x0005f422                xQueueGiveMutexRecursive
 .text.xQueueGenericSendFromISR
                0x0005f44c       0x70 ../../../lib/libfreertos.a(queue.o)
                0x0005f44c                xQueueGenericSendFromISR
 .text.xQueueGiveFromISR
                0x0005f4bc       0x62 ../../../lib/libfreertos.a(queue.o)
                0x0005f4bc                xQueueGiveFromISR
 *fill*         0x0005f51e        0x2 
 .text.xQueueGenericReceive
                0x0005f520      0x11c ../../../lib/libfreertos.a(queue.o)
                0x0005f520                xQueueGenericReceive
 .text.xQueueTakeMutexRecursive
                0x0005f63c       0x32 ../../../lib/libfreertos.a(queue.o)
                0x0005f63c                xQueueTakeMutexRecursive
 .text.xQueueReceiveFromISR
                0x0005f66e       0x56 ../../../lib/libfreertos.a(queue.o)
                0x0005f66e                xQueueReceiveFromISR
 .text.vQueueDelete
                0x0005f6c4        0x4 ../../../lib/libfreertos.a(queue.o)
                0x0005f6c4                vQueueDelete
 .text.vQueueWaitForMessageRestricted
                0x0005f6c8       0x3e ../../../lib/libfreertos.a(queue.o)
                0x0005f6c8                vQueueWaitForMessageRestricted
 .text.vListInitialise
                0x0005f706       0x16 ../../../lib/libfreertos.a(list.o)
                0x0005f706                vListInitialise
 .text.vListInitialiseItem
                0x0005f71c        0x6 ../../../lib/libfreertos.a(list.o)
                0x0005f71c                vListInitialiseItem
 .text.vListInsertEnd
                0x0005f722       0x18 ../../../lib/libfreertos.a(list.o)
                0x0005f722                vListInsertEnd
 .text.vListInsert
                0x0005f73a       0x30 ../../../lib/libfreertos.a(list.o)
                0x0005f73a                vListInsert
 .text.uxListRemove
                0x0005f76a       0x20 ../../../lib/libfreertos.a(list.o)
                0x0005f76a                uxListRemove
 *fill*         0x0005f78a        0x2 
 .text.prvResetNextTaskUnblockTime
                0x0005f78c       0x24 ../../../lib/libfreertos.a(tasks.o)
 .text.prvAddCurrentTaskToDelayedList
                0x0005f7b0       0x50 ../../../lib/libfreertos.a(tasks.o)
 .text.xTaskGenericCreate
                0x0005f800      0x1c8 ../../../lib/libfreertos.a(tasks.o)
                0x0005f800                xTaskGenericCreate
 .text.vTaskDelete
                0x0005f9c8       0xac ../../../lib/libfreertos.a(tasks.o)
                0x0005f9c8                vTaskDelete
 .text.vTaskStartScheduler
                0x0005fa74       0x6c ../../../lib/libfreertos.a(tasks.o)
                0x0005fa74                vTaskStartScheduler
 .text.vTaskSuspendAll
                0x0005fae0       0x10 ../../../lib/libfreertos.a(tasks.o)
                0x0005fae0                vTaskSuspendAll
 .text.xTaskGetTickCount
                0x0005faf0        0xc ../../../lib/libfreertos.a(tasks.o)
                0x0005faf0                xTaskGetTickCount
 .text.xTaskIncrementTick
                0x0005fafc      0x100 ../../../lib/libfreertos.a(tasks.o)
                0x0005fafc                xTaskIncrementTick
 .text.xTaskResumeAll
                0x0005fbfc       0xd0 ../../../lib/libfreertos.a(tasks.o)
                0x0005fbfc                xTaskResumeAll
 .text.vTaskDelay
                0x0005fccc       0x60 ../../../lib/libfreertos.a(tasks.o)
                0x0005fccc                vTaskDelay
 .text.prvIdleTask
                0x0005fd2c       0x54 ../../../lib/libfreertos.a(tasks.o)
 .text.vTaskSwitchContext
                0x0005fd80       0x8c ../../../lib/libfreertos.a(tasks.o)
                0x0005fd80                vTaskSwitchContext
 .text.vTaskPlaceOnEventList
                0x0005fe0c       0x5c ../../../lib/libfreertos.a(tasks.o)
                0x0005fe0c                vTaskPlaceOnEventList
 .text.vTaskPlaceOnEventListRestricted
                0x0005fe68       0x5c ../../../lib/libfreertos.a(tasks.o)
                0x0005fe68                vTaskPlaceOnEventListRestricted
 .text.xTaskRemoveFromEventList
                0x0005fec4       0x6c ../../../lib/libfreertos.a(tasks.o)
                0x0005fec4                xTaskRemoveFromEventList
 .text.vTaskSetTimeOutState
                0x0005ff30       0x18 ../../../lib/libfreertos.a(tasks.o)
                0x0005ff30                vTaskSetTimeOutState
 .text.xTaskCheckForTimeOut
                0x0005ff48       0x4c ../../../lib/libfreertos.a(tasks.o)
                0x0005ff48                xTaskCheckForTimeOut
 .text.vTaskMissedYield
                0x0005ff94        0xc ../../../lib/libfreertos.a(tasks.o)
                0x0005ff94                vTaskMissedYield
 .text.xTaskGetCurrentTaskHandle
                0x0005ffa0        0xc ../../../lib/libfreertos.a(tasks.o)
                0x0005ffa0                xTaskGetCurrentTaskHandle
 .text.xTaskGetSchedulerState
                0x0005ffac       0x20 ../../../lib/libfreertos.a(tasks.o)
                0x0005ffac                xTaskGetSchedulerState
 .text.vTaskPriorityInherit
                0x0005ffcc       0x8c ../../../lib/libfreertos.a(tasks.o)
                0x0005ffcc                vTaskPriorityInherit
 .text.xTaskPriorityDisinherit
                0x00060058       0x70 ../../../lib/libfreertos.a(tasks.o)
                0x00060058                xTaskPriorityDisinherit
 .text.pvTaskIncrementMutexHeldCount
                0x000600c8       0x18 ../../../lib/libfreertos.a(tasks.o)
                0x000600c8                pvTaskIncrementMutexHeldCount
 .text.prvCheckForValidListAndQueue
                0x000600e0       0x4c ../../../lib/libfreertos.a(timers.o)
 .text.prvInsertTimerInActiveList
                0x0006012c       0x3c ../../../lib/libfreertos.a(timers.o)
 .text.xTimerCreateTimerTask
                0x00060168       0x38 ../../../lib/libfreertos.a(timers.o)
                0x00060168                xTimerCreateTimerTask
 .text.xTimerGenericCommand
                0x000601a0       0x44 ../../../lib/libfreertos.a(timers.o)
                0x000601a0                xTimerGenericCommand
 .text.prvSwitchTimerLists
                0x000601e4       0x60 ../../../lib/libfreertos.a(timers.o)
 .text.prvTimerTask
                0x00060244      0x18c ../../../lib/libfreertos.a(timers.o)
 .text.prvTaskExitError
                0x000603d0       0x12 ../../../lib/libfreertos.a(port.o)
 *fill*         0x000603e2        0x2 
 .text.prvPortStartFirstTask
                0x000603e4       0x20 ../../../lib/libfreertos.a(port.o)
 .text.vPortEnableVFP
                0x00060404       0x14 ../../../lib/libfreertos.a(port.o)
 .text.pxPortInitialiseStack
                0x00060418       0x24 ../../../lib/libfreertos.a(port.o)
                0x00060418                pxPortInitialiseStack
 .text.SVC_Handler
                0x0006043c       0x20 ../../../lib/libfreertos.a(port.o)
                0x0006043c                SVC_Handler
 .text.vPortEnterCritical
                0x0006045c       0x20 ../../../lib/libfreertos.a(port.o)
                0x0006045c                vPortEnterCritical
 .text.vPortExitCritical
                0x0006047c       0x14 ../../../lib/libfreertos.a(port.o)
                0x0006047c                vPortExitCritical
 .text.PendSV_Handler
                0x00060490       0x60 ../../../lib/libfreertos.a(port.o)
                0x00060490                PendSV_Handler
 .text.SysTick_Handler
                0x000604f0       0x30 ../../../lib/libfreertos.a(port.o)
                0x000604f0                SysTick_Handler
 .text.vPortSetupTimerInterrupt
                0x00060520       0x28 ../../../lib/libfreertos.a(port.o)
                0x00060520                vPortSetupTimerInterrupt
 .text.xPortStartScheduler
                0x00060548       0x40 ../../../lib/libfreertos.a(port.o)
                0x00060548                xPortStartScheduler
 .text.pvPortMalloc
                0x00060588        0x4 ../../../lib/libfreertos.a(heap_stdlib.o)
                0x00060588                pvPortMalloc
 .text.vPortFree
                0x0006058c        0x4 ../../../lib/libfreertos.a(heap_stdlib.o)
                0x0006058c                vPortFree
 .text.exit     0x00060590       0x28 /home/sandra/tools/gcc-arm-none-eabi-4_9-2015q2/bin/../lib/gcc/arm-none-eabi/4.9.3/../../../../arm-none-eabi/lib/armv7e-m/softfp/libc_nano.a(lib_a-exit.o)
                0x00060590                exit
 .text.__libc_init_array
                0x000605b8       0x4c /home/sandra/tools/gcc-arm-none-eabi-4_9-2015q2/bin/../lib/gcc/arm-none-eabi/4.9.3/../../../../arm-none-eabi/lib/armv7e-m/softfp/libc_nano.a(lib_a-init.o)
                0x000605b8                __libc_init_array
 .text.memcmp   0x00060604       0x20 /home/sandra/tools/gcc-arm-none-eabi-4_9-2015q2/bin/../lib/gcc/arm-none-eabi/4.9.3/../../../../arm-none-eabi/lib/armv7e-m/softfp/libc_nano.a(lib_a-memcmp.o)
                0x00060604                memcmp
 .text.memcpy   0x00060624       0x16 /home/sandra/tools/gcc-arm-none-eabi-4_9-2015q2/bin/../lib/gcc/arm-none-eabi/4.9.3/../../../../arm-none-eabi/lib/armv7e-m/softfp/libc_nano.a(lib_a-memcpy.o)
                0x00060624                memcpy
 .text.memmove  0x0006063a       0x36 /home/sandra/tools/gcc-arm-none-eabi-4_9-2015q2/bin/../lib/gcc/arm-none-eabi/4.9.3/../../../../arm-none-eabi/lib/armv7e-m/softfp/libc_nano.a(lib_a-memmove.o)
                0x0006063a                memmove
 .text.memset   0x00060670       0x10 /home/sandra/tools/gcc-arm-none-eabi-4_9-2015q2/bin/../lib/gcc/arm-none-eabi/4.9.3/../../../../arm-none-eabi/lib/armv7e-m/softfp/libc_nano.a(lib_a-memset.o)
                0x00060670                memset
 .text.printf   0x00060680       0x30 /home/sandra/tools/gcc-arm-none-eabi-4_9-2015q2/bin/../lib/gcc/arm-none-eabi/4.9.3/../../../../arm-none-eabi/lib/armv7e-m/softfp/libc_nano.a(lib_a-printf.o)
                0x00060680                printf
                0x00060680                iprintf
 .text._puts_r  0x000606b0       0xbc /home/sandra/tools/gcc-arm-none-eabi-4_9-2015q2/bin/../lib/gcc/arm-none-eabi/4.9.3/../../../../arm-none-eabi/lib/armv7e-m/softfp/libc_nano.a(lib_a-puts.o)
                0x000606b0                _puts_r
 .text.puts     0x0006076c       0x10 /home/sandra/tools/gcc-arm-none-eabi-4_9-2015q2/bin/../lib/gcc/arm-none-eabi/4.9.3/../../../../arm-none-eabi/lib/armv7e-m/softfp/libc_nano.a(lib_a-puts.o)
                0x0006076c                puts
 .text.__swbuf_r
                0x0006077c       0xa8 /home/sandra/tools/gcc-arm-none-eabi-4_9-2015q2/bin/../lib/gcc/arm-none-eabi/4.9.3/../../../../arm-none-eabi/lib/armv7e-m/softfp/libc_nano.a(lib_a-wbuf.o)
                0x0006077c                __swbuf_r
 .text.__swsetup_r
                0x00060824       0xd8 /home/sandra/tools/gcc-arm-none-eabi-4_9-2015q2/bin/../lib/gcc/arm-none-eabi/4.9.3/../../../../arm-none-eabi/lib/armv7e-m/softfp/libc_nano.a(lib_a-wsetup.o)
                0x00060824                __swsetup_r
 .text.__sflush_r
                0x000608fc      0x108 /home/sandra/tools/gcc-arm-none-eabi-4_9-2015q2/bin/../lib/gcc/arm-none-eabi/4.9.3/../../../../arm-none-eabi/lib/armv7e-m/softfp/libc_nano.a(lib_a-fflush.o)
                0x000608fc                __sflush_r
 .text._fflush_r
                0x00060a04       0x54 /home/sandra/tools/gcc-arm-none-eabi-4_9-2015q2/bin/../lib/gcc/arm-none-eabi/4.9.3/../../../../arm-none-eabi/lib/armv7e-m/softfp/libc_nano.a(lib_a-fflush.o)
                0x00060a04                _fflush_r
 .text._cleanup_r
                0x00060a58        0xc /home/sandra/tools/gcc-arm-none-eabi-4_9-2015q2/bin/../lib/gcc/arm-none-eabi/4.9.3/../../../../arm-none-eabi/lib/armv7e-m/softfp/libc_nano.a(lib_a-findfp.o)
                0x00060a58                _cleanup_r
 .text.std.isra.0
                0x00060a64       0x48 /home/sandra/tools/gcc-arm-none-eabi-4_9-2015q2/bin/../lib/gcc/arm-none-eabi/4.9.3/../../../../arm-none-eabi/lib/armv7e-m/softfp/libc_nano.a(lib_a-findfp.o)
 .text.__sfmoreglue
                0x00060aac       0x2c /home/sandra/tools/gcc-arm-none-eabi-4_9-2015q2/bin/../lib/gcc/arm-none-eabi/4.9.3/../../../../arm-none-eabi/lib/armv7e-m/softfp/libc_nano.a(lib_a-findfp.o)
                0x00060aac                __sfmoreglue
 .text.__sinit  0x00060ad8       0x60 /home/sandra/tools/gcc-arm-none-eabi-4_9-2015q2/bin/../lib/gcc/arm-none-eabi/4.9.3/../../../../arm-none-eabi/lib/armv7e-m/softfp/libc_nano.a(lib_a-findfp.o)
                0x00060ad8                __sinit
 .text.__sfp    0x00060b38       0x74 /home/sandra/tools/gcc-arm-none-eabi-4_9-2015q2/bin/../lib/gcc/arm-none-eabi/4.9.3/../../../../arm-none-eabi/lib/armv7e-m/softfp/libc_nano.a(lib_a-findfp.o)
                0x00060b38                __sfp
 .text._fwalk_reent
                0x00060bac       0x3c /home/sandra/tools/gcc-arm-none-eabi-4_9-2015q2/bin/../lib/gcc/arm-none-eabi/4.9.3/../../../../arm-none-eabi/lib/armv7e-m/softfp/libc_nano.a(lib_a-fwalk.o)
                0x00060bac                _fwalk_reent
 .text.__smakebuf_r
                0x00060be8       0x9c /home/sandra/tools/gcc-arm-none-eabi-4_9-2015q2/bin/../lib/gcc/arm-none-eabi/4.9.3/../../../../arm-none-eabi/lib/armv7e-m/softfp/libc_nano.a(lib_a-makebuf.o)
                0x00060be8                __smakebuf_r
 .text.__sfputc_r
                0x00060c84       0x2c /home/sandra/tools/gcc-arm-none-eabi-4_9-2015q2/bin/../lib/gcc/arm-none-eabi/4.9.3/../../../../arm-none-eabi/lib/armv7e-m/softfp/libc_nano.a(lib_a-nano-vfprintf.o)
 .text.__sfputs_r
                0x00060cb0       0x24 /home/sandra/tools/gcc-arm-none-eabi-4_9-2015q2/bin/../lib/gcc/arm-none-eabi/4.9.3/../../../../arm-none-eabi/lib/armv7e-m/softfp/libc_nano.a(lib_a-nano-vfprintf.o)
                0x00060cb0                __sfputs_r
 .text._vfprintf_r
                0x00060cd4      0x210 /home/sandra/tools/gcc-arm-none-eabi-4_9-2015q2/bin/../lib/gcc/arm-none-eabi/4.9.3/../../../../arm-none-eabi/lib/armv7e-m/softfp/libc_nano.a(lib_a-nano-vfprintf.o)
                0x00060cd4                _vfiprintf_r
                0x00060cd4                _vfprintf_r
 .text._printf_common
                0x00060ee4       0xea /home/sandra/tools/gcc-arm-none-eabi-4_9-2015q2/bin/../lib/gcc/arm-none-eabi/4.9.3/../../../../arm-none-eabi/lib/armv7e-m/softfp/libc_nano.a(lib_a-nano-vfprintf_i.o)
                0x00060ee4                _printf_common
 *fill*         0x00060fce        0x2 
 .text._printf_i
                0x00060fd0      0x234 /home/sandra/tools/gcc-arm-none-eabi-4_9-2015q2/bin/../lib/gcc/arm-none-eabi/4.9.3/../../../../arm-none-eabi/lib/armv7e-m/softfp/libc_nano.a(lib_a-nano-vfprintf_i.o)
                0x00060fd0                _printf_i
 .text.__sread  0x00061204       0x22 /home/sandra/tools/gcc-arm-none-eabi-4_9-2015q2/bin/../lib/gcc/arm-none-eabi/4.9.3/../../../../arm-none-eabi/lib/armv7e-m/softfp/libc_nano.a(lib_a-stdio.o)
                0x00061204                __sread
 .text.__swrite
                0x00061226       0x38 /home/sandra/tools/gcc-arm-none-eabi-4_9-2015q2/bin/../lib/gcc/arm-none-eabi/4.9.3/../../../../arm-none-eabi/lib/armv7e-m/softfp/libc_nano.a(lib_a-stdio.o)
                0x00061226                __swrite
 .text.__sseek  0x0006125e       0x24 /home/sandra/tools/gcc-arm-none-eabi-4_9-2015q2/bin/../lib/gcc/arm-none-eabi/4.9.3/../../../../arm-none-eabi/lib/armv7e-m/softfp/libc_nano.a(lib_a-stdio.o)
                0x0006125e                __sseek
 .text.__sclose
                0x00061282        0x8 /home/sandra/tools/gcc-arm-none-eabi-4_9-2015q2/bin/../lib/gcc/arm-none-eabi/4.9.3/../../../../arm-none-eabi/lib/armv7e-m/softfp/libc_nano.a(lib_a-stdio.o)
                0x00061282                __sclose
 *fill*         0x0006128a        0x2 
 .text._write_r
                0x0006128c       0x24 /home/sandra/tools/gcc-arm-none-eabi-4_9-2015q2/bin/../lib/gcc/arm-none-eabi/4.9.3/../../../../arm-none-eabi/lib/armv7e-m/softfp/libc_nano.a(lib_a-writer.o)
                0x0006128c                _write_r
 .text._close_r
                0x000612b0       0x20 /home/sandra/tools/gcc-arm-none-eabi-4_9-2015q2/bin/../lib/gcc/arm-none-eabi/4.9.3/../../../../arm-none-eabi/lib/armv7e-m/softfp/libc_nano.a(lib_a-closer.o)
                0x000612b0                _close_r
 .text._fstat_r
                0x000612d0       0x24 /home/sandra/tools/gcc-arm-none-eabi-4_9-2015q2/bin/../lib/gcc/arm-none-eabi/4.9.3/../../../../arm-none-eabi/lib/armv7e-m/softfp/libc_nano.a(lib_a-fstatr.o)
                0x000612d0                _fstat_r
 .text._isatty_r
                0x000612f4       0x20 /home/sandra/tools/gcc-arm-none-eabi-4_9-2015q2/bin/../lib/gcc/arm-none-eabi/4.9.3/../../../../arm-none-eabi/lib/armv7e-m/softfp/libc_nano.a(lib_a-isattyr.o)
                0x000612f4                _isatty_r
 .text._lseek_r
                0x00061314       0x24 /home/sandra/tools/gcc-arm-none-eabi-4_9-2015q2/bin/../lib/gcc/arm-none-eabi/4.9.3/../../../../arm-none-eabi/lib/armv7e-m/softfp/libc_nano.a(lib_a-lseekr.o)
                0x00061314                _lseek_r
 .text.memchr   0x00061338       0x1e /home/sandra/tools/gcc-arm-none-eabi-4_9-2015q2/bin/../lib/gcc/arm-none-eabi/4.9.3/../../../../arm-none-eabi/lib/armv7e-m/softfp/libc_nano.a(lib_a-memchr.o)
                0x00061338                memchr
 *fill*         0x00061356        0x2 
 .text._read_r  0x00061358       0x24 /home/sandra/tools/gcc-arm-none-eabi-4_9-2015q2/bin/../lib/gcc/arm-none-eabi/4.9.3/../../../../arm-none-eabi/lib/armv7e-m/softfp/libc_nano.a(lib_a-readr.o)
                0x00061358                _read_r
 .text          0x0006137c       0x18 /home/sandra/tools/gcc-arm-none-eabi-4_9-2015q2/bin/../lib/gcc/arm-none-eabi/4.9.3/armv7e-m/softfp/libgcc.a(_lshrdi3.o)
                0x0006137c                __aeabi_llsr
                0x0006137c                __lshrdi3
 .text          0x00061394       0x18 /home/sandra/tools/gcc-arm-none-eabi-4_9-2015q2/bin/../lib/gcc/arm-none-eabi/4.9.3/armv7e-m/softfp/libgcc.a(_ashldi3.o)
                0x00061394                __ashldi3
                0x00061394                __aeabi_llsl
 .text          0x000613ac       0x2c /home/sandra/tools/gcc-arm-none-eabi-4_9-2015q2/bin/../lib/gcc/arm-none-eabi/4.9.3/armv7e-m/softfp/libgcc.a(_aeabi_uldivmod.o)
                0x000613ac                __aeabi_uldivmod
 .text          0x000613d8       0x60 /home/sandra/tools/gcc-arm-none-eabi-4_9-2015q2/bin/../lib/gcc/arm-none-eabi/4.9.3/armv7e-m/softfp/libgcc.a(bpabi.o)
                0x000613d8                __gnu_ldivmod_helper
                0x00061408                __gnu_uldivmod_helper
 .text          0x00061438        0x4 /home/sandra/tools/gcc-arm-none-eabi-4_9-2015q2/bin/../lib/gcc/arm-none-eabi/4.9.3/armv7e-m/softfp/libgcc.a(_dvmd_tls.o)
                0x00061438                __aeabi_ldiv0
                0x00061438                __aeabi_idiv0
 .text          0x0006143c      0x29c /home/sandra/tools/gcc-arm-none-eabi-4_9-2015q2/bin/../lib/gcc/arm-none-eabi/4.9.3/armv7e-m/softfp/libgcc.a(_divdi3.o)
                0x0006143c                __divdi3
 .text          0x000616d8      0x26c /home/sandra/tools/gcc-arm-none-eabi-4_9-2015q2/bin/../lib/gcc/arm-none-eabi/4.9.3/armv7e-m/softfp/libgcc.a(_udivdi3.o)
                0x000616d8                __udivdi3
 .text._close   0x00061944       0x10 /home/sandra/tools/gcc-arm-none-eabi-4_9-2015q2/bin/../lib/gcc/arm-none-eabi/4.9.3/../../../../arm-none-eabi/lib/armv7e-m/softfp/libnosys.a(close.o)
                0x00061944                _close
 .text._fstat   0x00061954       0x10 /home/sandra/tools/gcc-arm-none-eabi-4_9-2015q2/bin/../lib/gcc/arm-none-eabi/4.9.3/../../../../arm-none-eabi/lib/armv7e-m/softfp/libnosys.a(fstat.o)
                0x00061954                _fstat
 .text._isatty  0x00061964       0x10 /home/sandra/tools/gcc-arm-none-eabi-4_9-2015q2/bin/../lib/gcc/arm-none-eabi/4.9.3/../../../../arm-none-eabi/lib/armv7e-m/softfp/libnosys.a(isatty.o)
                0x00061964                _isatty
 .text._lseek   0x00061974       0x10 /home/sandra/tools/gcc-arm-none-eabi-4_9-2015q2/bin/../lib/gcc/arm-none-eabi/4.9.3/../../../../arm-none-eabi/lib/armv7e-m/softfp/libnosys.a(lseek.o)
                0x00061974                _lseek
 .text._read    0x00061984       0x10 /home/sandra/tools/gcc-arm-none-eabi-4_9-2015q2/bin/../lib/gcc/arm-none-eabi/4.9.3/../../../../arm-none-eabi/lib/armv7e-m/softfp/libnosys.a(read.o)
                0x00061984                _read
 .text.__wrap_malloc
                0x00061994       0x18 ../../../lib/libxrc.a(wrap_malloc.o)
                0x00061994                __wrap_malloc
 .text.__wrap_free
                0x000619ac       0x16 ../../../lib/libxrc.a(wrap_malloc.o)
                0x000619ac                __wrap_free
 .text.__wrap__malloc_r
                0x000619c2       0x1c ../../../lib/libxrc.a(wrap_malloc.o)
                0x000619c2                __wrap__malloc_r
 .text.__wrap__free_r
                0x000619de       0x1a ../../../lib/libxrc.a(wrap_malloc.o)
                0x000619de                __wrap__free_r
 .text.malloc   0x000619f8       0x10 /home/sandra/tools/gcc-arm-none-eabi-4_9-2015q2/bin/../lib/gcc/arm-none-eabi/4.9.3/../../../../arm-none-eabi/lib/armv7e-m/softfp/libc_nano.a(lib_a-malloc.o)
                0x000619f8                malloc
 .text.free     0x00061a08       0x10 /home/sandra/tools/gcc-arm-none-eabi-4_9-2015q2/bin/../lib/gcc/arm-none-eabi/4.9.3/../../../../arm-none-eabi/lib/armv7e-m/softfp/libc_nano.a(lib_a-malloc.o)
                0x00061a08                free
 .text._free_r  0x00061a18       0x88 /home/sandra/tools/gcc-arm-none-eabi-4_9-2015q2/bin/../lib/gcc/arm-none-eabi/4.9.3/../../../../arm-none-eabi/lib/armv7e-m/softfp/libc_nano.a(lib_a-nano-freer.o)
                0x00061a18                _free_r
 .text._malloc_r
                0x00061aa0       0xac /home/sandra/tools/gcc-arm-none-eabi-4_9-2015q2/bin/../lib/gcc/arm-none-eabi/4.9.3/../../../../arm-none-eabi/lib/armv7e-m/softfp/libc_nano.a(lib_a-nano-mallocr.o)
                0x00061aa0                _malloc_r
 .text._sbrk_r  0x00061b4c       0x20 /home/sandra/tools/gcc-arm-none-eabi-4_9-2015q2/bin/../lib/gcc/arm-none-eabi/4.9.3/../../../../arm-none-eabi/lib/armv7e-m/softfp/libc_nano.a(lib_a-sbrkr.o)
                0x00061b4c                _sbrk_r
 *(.init)
 .init          0x00061b6c        0x4 /home/sandra/tools/gcc-arm-none-eabi-4_9-2015q2/bin/../lib/gcc/arm-none-eabi/4.9.3/armv7e-m/softfp/crti.o
                0x00061b6c                _init
 .init          0x00061b70        0x8 /home/sandra/tools/gcc-arm-none-eabi-4_9-2015q2/bin/../lib/gcc/arm-none-eabi/4.9.3/armv7e-m/softfp/crtn.o
 *(.fini)
 .fini          0x00061b78        0x4 /home/sandra/tools/gcc-arm-none-eabi-4_9-2015q2/bin/../lib/gcc/arm-none-eabi/4.9.3/armv7e-m/softfp/crti.o
                0x00061b78                _fini
 .fini          0x00061b7c        0x8 /home/sandra/tools/gcc-arm-none-eabi-4_9-2015q2/bin/../lib/gcc/arm-none-eabi/4.9.3/armv7e-m/softfp/crtn.o
 *crtbegin.o(.ctors)
 *crtbegin?.o(.ctors)
 *(EXCLUDE_FILE(*crtend.o *crtend?.o) .ctors)
 *(SORT(.ctors.*))
 *(.ctors)
 *crtbegin.o(.dtors)
 *crtbegin?.o(.dtors)
 *(EXCLUDE_FILE(*crtend.o *crtend?.o) .dtors)
 *(SORT(.dtors.*))
 *(.dtors)
 *(.rodata*)
 .rodata.__func__.10380
                0x00061b84        0xc ../main.o
 .rodata.__func__.10332
                0x00061b90        0xb ../main.o
 .rodata.str1.1
                0x00061b9b      0x2c3 ../main.o
 .rodata.__func__.10404
                0x00061e5e        0x5 ../main.o
 .rodata.__func__.10388
                0x00061e63        0xc ../main.o
 .rodata.str1.1
                0x00061e6f       0x3a ../../../project/common/startup/gcc/retarget.o
 .rodata.__func__.10010
                0x00061ea9        0x6 ../../../project/common/startup/gcc/retarget.o
 .rodata.str1.1
                0x00061eaf       0x29 ../../../project/common/startup/gcc/retarget_main.o
 .rodata.board_uart_param.10141
                0x00061ed8        0x8 ../../../project/common/board/board.o
 .rodata.__func__.9979
                0x00061ee0       0x16 ../../../project/common/board/xr871_bl_base/board_config.o
 .rodata.g_pinmux_uart0
                0x00061ef6        0xa ../../../project/common/board/xr871_bl_base/board_config.o
 .rodata.__func__.9989
                0x00061f00        0xe ../../../project/common/board/xr871_bl_base/board_config.o
 .rodata.__func__.10009
                0x00061f0e        0xc ../../../project/common/board/xr871_bl_base/board_config.o
 .rodata.str1.1
                0x00061f1a       0x8d ../../../project/common/board/xr871_bl_base/board_config.o
 .rodata.g_pinmux_flashc
                0x00061fa7       0x1e ../../../project/common/board/xr871_bl_base/board_config.o
 *fill*         0x00061fc5        0x3 
 .rodata.g_flash_cfg
                0x00061fc8        0xc ../../../project/common/board/xr871_bl_base/board_config.o
 .rodata.__func__.7904
                0x00061fd4        0xd ../../../lib/libchip.a(hal_dma.o)
 .rodata.__func__.7887
                0x00061fe1        0xd ../../../lib/libchip.a(hal_dma.o)
 .rodata.__func__.7893
                0x00061fee        0xf ../../../lib/libchip.a(hal_dma.o)
 .rodata.str1.1
                0x00061ffd       0x18 ../../../lib/libchip.a(hal_dma.o)
 .rodata.__func__.7900
                0x00062015        0xe ../../../lib/libchip.a(hal_dma.o)
 *fill*         0x00062023        0x1 
 .rodata.PRCM_HOSCClock.7742
                0x00062024       0x10 ../../../lib/libchip.a(hal_prcm.o)
 .rodata.__func__.8373
                0x00062034       0x16 ../../../lib/libchip.a(hal_uart.o)
 .rodata.__func__.8309
                0x0006204a        0xe ../../../lib/libchip.a(hal_uart.o)
 .rodata.__func__.8320
                0x00062058       0x10 ../../../lib/libchip.a(hal_uart.o)
 .rodata.__func__.8378
                0x00062068       0x16 ../../../lib/libchip.a(hal_uart.o)
 .rodata.__func__.8406
                0x0006207e       0x17 ../../../lib/libchip.a(hal_uart.o)
 .rodata.str1.1
                0x00062095       0xe2 ../../../lib/libchip.a(hal_uart.o)
                                 0xfa (size before relaxing)
 *fill*         0x00062177        0x1 
 .rodata.gUartInstance
                0x00062178        0x8 ../../../lib/libchip.a(hal_uart.o)
 .rodata.__func__.7774
                0x00062180        0xb ../../../lib/libchip.a(hal_efuse.o)
 .rodata.__func__.7790
                0x0006218b        0xf ../../../lib/libchip.a(hal_efuse.o)
 .rodata.str1.1
                0x0006219a       0x76 ../../../lib/libchip.a(hal_efuse.o)
 .rodata.gGPIOPortCtrl
                0x00062210        0x8 ../../../lib/libchip.a(hal_gpio.o)
 .rodata.__func__.7544
                0x00062218       0x11 ../../../lib/libimage.a(flash.o)
 .rodata.__func__.7498
                0x00062229        0x9 ../../../lib/libimage.a(flash.o)
 *fill*         0x00062232        0x2 
 .rodata.s_flash_erase_param
                0x00062234       0x18 ../../../lib/libimage.a(flash.o)
 .rodata.str1.1
                0x0006224c       0xfc ../../../lib/libimage.a(flash.o)
 .rodata.__func__.7511
                0x00062348       0x16 ../../../lib/libimage.a(flash.o)
 .rodata.__func__.7522
                0x0006235e        0xc ../../../lib/libimage.a(flash.o)
 .rodata.s_image_raw_seq
                0x0006236a        0x4 ../../../lib/libimage.a(image.o)
 .rodata.__func__.5931
                0x0006236e        0xe ../../../lib/libimage.a(image.o)
 .rodata.__func__.5818
                0x0006237c        0x9 ../../../lib/libimage.a(image.o)
 .rodata.__func__.5885
                0x00062385       0x15 ../../../lib/libimage.a(image.o)
 .rodata.__func__.5779
                0x0006239a       0x12 ../../../lib/libimage.a(image.o)
 .rodata.__func__.5837
                0x000623ac       0x13 ../../../lib/libimage.a(image.o)
 .rodata.str1.1
                0x000623bf      0x2ec ../../../lib/libimage.a(image.o)
 .rodata.__func__.5852
                0x000626ab       0x11 ../../../lib/libimage.a(image.o)
 .rodata.__func__.5912
                0x000626bc       0x12 ../../../lib/libimage.a(image.o)
 .rodata.__func__.5940
                0x000626ce        0xe ../../../lib/libimage.a(image.o)
 .rodata.__func__.5921
                0x000626dc       0x12 ../../../lib/libimage.a(image.o)
 .rodata.__func__.5794
                0x000626ee        0xf ../../../lib/libimage.a(image.o)
 .rodata.__func__.5657
                0x000626fd        0xd ../../../lib/libimage.a(fdcm.o)
 .rodata.__func__.5664
                0x0006270a        0xa ../../../lib/libimage.a(fdcm.o)
 .rodata.__func__.5675
                0x00062714        0xa ../../../lib/libimage.a(fdcm.o)
 .rodata.str1.1
                0x0006271e       0xb3 ../../../lib/libimage.a(fdcm.o)
 .rodata.__func__.5688
                0x000627d1        0xb ../../../lib/libimage.a(fdcm.o)
 .rodata.str1.1
                0x000627dc        0x9 ../../../lib/libuncompress.a(xz_dec_stream.o)
 *fill*         0x000627e5        0x3 
 .rodata.xz_crc32_table
                0x000627e8      0x400 ../../../lib/libuncompress.a(xz_crc32.o)
 .rodata.str1.1
                0x00062be8        0x5 ../../../lib/libfreertos.a(tasks.o)
 .rodata.str1.1
                0x00062bed        0x8 ../../../lib/libfreertos.a(timers.o)
 .rodata.str1.1
                0x00062bf5        0x2 /home/sandra/tools/gcc-arm-none-eabi-4_9-2015q2/bin/../lib/gcc/arm-none-eabi/4.9.3/../../../../arm-none-eabi/lib/armv7e-m/softfp/libc_nano.a(lib_a-impure.o)
 *fill*         0x00062bf7        0x1 
 .rodata._global_impure_ptr
                0x00062bf8        0x4 /home/sandra/tools/gcc-arm-none-eabi-4_9-2015q2/bin/../lib/gcc/arm-none-eabi/4.9.3/../../../../arm-none-eabi/lib/armv7e-m/softfp/libc_nano.a(lib_a-impure.o)
                0x00062bf8                _global_impure_ptr
 .rodata.__sf_fake_stdin
                0x00062bfc       0x20 /home/sandra/tools/gcc-arm-none-eabi-4_9-2015q2/bin/../lib/gcc/arm-none-eabi/4.9.3/../../../../arm-none-eabi/lib/armv7e-m/softfp/libc_nano.a(lib_a-findfp.o)
                0x00062bfc                __sf_fake_stdin
 .rodata.__sf_fake_stdout
                0x00062c1c       0x20 /home/sandra/tools/gcc-arm-none-eabi-4_9-2015q2/bin/../lib/gcc/arm-none-eabi/4.9.3/../../../../arm-none-eabi/lib/armv7e-m/softfp/libc_nano.a(lib_a-findfp.o)
                0x00062c1c                __sf_fake_stdout
 .rodata.__sf_fake_stderr
                0x00062c3c       0x20 /home/sandra/tools/gcc-arm-none-eabi-4_9-2015q2/bin/../lib/gcc/arm-none-eabi/4.9.3/../../../../arm-none-eabi/lib/armv7e-m/softfp/libc_nano.a(lib_a-findfp.o)
                0x00062c3c                __sf_fake_stderr
 .rodata.str1.1
                0x00062c5c       0x11 /home/sandra/tools/gcc-arm-none-eabi-4_9-2015q2/bin/../lib/gcc/arm-none-eabi/4.9.3/../../../../arm-none-eabi/lib/armv7e-m/softfp/libc_nano.a(lib_a-nano-vfprintf.o)
 .rodata.str1.1
                0x00062c6d       0x22 /home/sandra/tools/gcc-arm-none-eabi-4_9-2015q2/bin/../lib/gcc/arm-none-eabi/4.9.3/../../../../arm-none-eabi/lib/armv7e-m/softfp/libc_nano.a(lib_a-nano-vfprintf_i.o)
 *(.eh_frame*)
 *fill*         0x00062c8f        0x1 
 .eh_frame      0x00062c90        0x0 /home/sandra/tools/gcc-arm-none-eabi-4_9-2015q2/bin/../lib/gcc/arm-none-eabi/4.9.3/armv7e-m/softfp/crtbegin.o
 .eh_frame      0x00062c90        0x4 /home/sandra/tools/gcc-arm-none-eabi-4_9-2015q2/bin/../lib/gcc/arm-none-eabi/4.9.3/armv7e-m/softfp/crtend.o

.glue_7         0x00062c94        0x0
 .glue_7        0x00000000        0x0 linker stubs

.glue_7t        0x00062c94        0x0
 .glue_7t       0x00000000        0x0 linker stubs

.vfp11_veneer   0x00062c94        0x0
 .vfp11_veneer  0x00000000        0x0 linker stubs

.v4_bx          0x00062c94        0x0
 .v4_bx         0x00000000        0x0 linker stubs

.iplt           0x00062c94        0x0
 .iplt          0x00000000        0x0 /home/sandra/tools/gcc-arm-none-eabi-4_9-2015q2/bin/../lib/gcc/arm-none-eabi/4.9.3/armv7e-m/softfp/crtbegin.o

.ARM.extab
 *(.ARM.extab* .gnu.linkonce.armextab.*)
                0x00062c94                __exidx_start = .

.ARM.exidx      0x00062c94        0x8
 *(.ARM.exidx* .gnu.linkonce.armexidx.*)
 .ARM.exidx     0x00062c94        0x8 /home/sandra/tools/gcc-arm-none-eabi-4_9-2015q2/bin/../lib/gcc/arm-none-eabi/4.9.3/../../../../arm-none-eabi/lib/armv7e-m/softfp/crt0.o
 .ARM.exidx     0x00062c9c        0x0 /home/sandra/tools/gcc-arm-none-eabi-4_9-2015q2/bin/../lib/gcc/arm-none-eabi/4.9.3/armv7e-m/softfp/libgcc.a(_divdi3.o)
                                  0x8 (size before relaxing)
 .ARM.exidx     0x00062c9c        0x0 /home/sandra/tools/gcc-arm-none-eabi-4_9-2015q2/bin/../lib/gcc/arm-none-eabi/4.9.3/armv7e-m/softfp/libgcc.a(_udivdi3.o)
                                  0x8 (size before relaxing)
                0x00062c9c                __exidx_end = .
                0x00062c9c                __etext = .
                0x00062c9c                _sidata = .

.rel.dyn        0x00062c9c        0x0
 .rel.iplt      0x00000000        0x0 /home/sandra/tools/gcc-arm-none-eabi-4_9-2015q2/bin/../lib/gcc/arm-none-eabi/4.9.3/armv7e-m/softfp/crtbegin.o

.data           0x00062c9c       0xb4
                0x00062c9c                __data_start__ = .
                0x00062c9c                _sdata = .
 *(vtable)
 *(.data*)
 .data.heap     0x00062c9c        0x4 ../../../project/common/startup/gcc/retarget.o
 .data.g_stdout_enable
                0x00062ca0        0x1 ../../../project/common/startup/gcc/retarget_stdout.o
 .data.g_stdout_uart_id
                0x00062ca1        0x1 ../../../project/common/startup/gcc/retarget_stdout.o
 .data.g_pinmux_flashc_sip
                0x00062ca2       0x1e ../../../project/common/board/board_common.o
 .data.flashNodeHead
                0x00062cc0        0x8 ../../../lib/libchip.a(hal_flash.o)
                0x00062cc0                flashNodeHead
 .data.flashChipList
                0x00062cc8        0x4 ../../../lib/libchip.a(flash_chip.o)
                0x00062cc8                flashChipList
 .data.DefaultFlashChip
                0x00062ccc       0x10 ../../../lib/libchip.a(flash_default.o)
                0x00062ccc                DefaultFlashChip
 .data.uxCriticalNesting
                0x00062cdc        0x4 ../../../lib/libfreertos.a(port.o)
 .data.impure_data
                0x00062ce0       0x60 /home/sandra/tools/gcc-arm-none-eabi-4_9-2015q2/bin/../lib/gcc/arm-none-eabi/4.9.3/../../../../arm-none-eabi/lib/armv7e-m/softfp/libc_nano.a(lib_a-impure.o)
 .data._impure_ptr
                0x00062d40        0x4 /home/sandra/tools/gcc-arm-none-eabi-4_9-2015q2/bin/../lib/gcc/arm-none-eabi/4.9.3/../../../../arm-none-eabi/lib/armv7e-m/softfp/libc_nano.a(lib_a-impure.o)
                0x00062d40                _impure_ptr
                0x00062d44                . = ALIGN (0x4)
                0x00062d44                PROVIDE (__preinit_array_start, .)
 *(.preinit_array)
                0x00062d44                PROVIDE (__preinit_array_end, .)
                0x00062d44                . = ALIGN (0x4)
                0x00062d44                PROVIDE (__init_array_start, .)
 *(SORT(.init_array.*))
 *(.init_array)
 .init_array    0x00062d44        0x4 /home/sandra/tools/gcc-arm-none-eabi-4_9-2015q2/bin/../lib/gcc/arm-none-eabi/4.9.3/armv7e-m/softfp/crtbegin.o
                0x00062d48                PROVIDE (__init_array_end, .)
                0x00062d48                . = ALIGN (0x4)
                0x00062d48                PROVIDE (__fini_array_start, .)
 *(SORT(.fini_array.*))
 *(.fini_array)
 .fini_array    0x00062d48        0x4 /home/sandra/tools/gcc-arm-none-eabi-4_9-2015q2/bin/../lib/gcc/arm-none-eabi/4.9.3/armv7e-m/softfp/crtbegin.o
                0x00062d4c                PROVIDE (__fini_array_end, .)
 *(.jcr*)
 .jcr           0x00062d4c        0x0 /home/sandra/tools/gcc-arm-none-eabi-4_9-2015q2/bin/../lib/gcc/arm-none-eabi/4.9.3/armv7e-m/softfp/crtbegin.o
 .jcr           0x00062d4c        0x4 /home/sandra/tools/gcc-arm-none-eabi-4_9-2015q2/bin/../lib/gcc/arm-none-eabi/4.9.3/armv7e-m/softfp/crtend.o
                0x00062d50                . = ALIGN (0x4)
                0x00062d50                __data_end__ = .
                0x00062d50                _edata = .

.igot.plt       0x00062d50        0x0
 .igot.plt      0x00000000        0x0 /home/sandra/tools/gcc-arm-none-eabi-4_9-2015q2/bin/../lib/gcc/arm-none-eabi/4.9.3/armv7e-m/softfp/crtbegin.o

.bss            0x00067000      0x2bc
                0x00067000                . = ALIGN (0x4)
                0x00067000                __bss_start__ = .
                0x00067000                _sbss = .
 *(.bss*)
 .bss           0x00067000       0x1c /home/sandra/tools/gcc-arm-none-eabi-4_9-2015q2/bin/../lib/gcc/arm-none-eabi/4.9.3/armv7e-m/softfp/crtbegin.o
 .bss.g_main_thread
                0x0006701c        0x4 ../../../project/common/startup/gcc/retarget_main.o
 .bss.g_stdout_mutex
                0x00067020        0x4 ../../../project/common/startup/gcc/retarget_stdout.o
 .bss.gDMAChannelUsed
                0x00067024        0x1 ../../../lib/libchip.a(hal_dma.o)
 *fill*         0x00067025        0x3 
 .bss.gDMAPrivate
                0x00067028       0x80 ../../../lib/libchip.a(hal_dma.o)
 .bss.apbclk_tmp
                0x000670a8        0x4 ../../../lib/libchip.a(hal_uart.o)
                0x000670a8                apbclk_tmp
 .bss.div_tmp   0x000670ac        0x4 ../../../lib/libchip.a(hal_uart.o)
                0x000670ac                div_tmp
 .bss.gUartPrivate
                0x000670b0       0x50 ../../../lib/libchip.a(hal_uart.o)
 .bss.SystemCoreClock
                0x00067100        0x4 ../../../lib/libchip.a(system_chip.o)
                0x00067100                SystemCoreClock
 .bss.g_chip_version
                0x00067104        0x1 ../../../lib/libchip.a(hal_global.o)
 *fill*         0x00067105        0x3 
 .bss.gBoardIoctlCb
                0x00067108        0x4 ../../../lib/libchip.a(hal_board.o)
 .bss.gEfuseState
                0x0006710c        0x1 ../../../lib/libchip.a(hal_efuse.o)
                0x0006710c                gEfuseState
 .bss.gGPIOUsedCnt
                0x0006710d        0x1 ../../../lib/libchip.a(hal_gpio.o)
 .bss.ccmu_on   0x0006710e        0x1 ../../../lib/libchip.a(hal_flashctrl.o)
 *fill*         0x0006710f        0x1 
 .bss.dmaSem    0x00067110        0x4 ../../../lib/libchip.a(hal_flashctrl.o)
                0x00067110                dmaSem
 .bss.sbusing   0x00067114        0x4 ../../../lib/libchip.a(hal_flashctrl.o)
 .bss.pin_inited
                0x00067118        0x1 ../../../lib/libchip.a(hal_flashctrl.o)
 .bss.xip_on    0x00067119        0x1 ../../../lib/libchip.a(hal_flashctrl.o)
 *fill*         0x0006711a        0x2 
 .bss.xip_continue
                0x0006711c        0x4 ../../../lib/libchip.a(hal_flashctrl.o)
 .bss.image_priv
                0x00067120       0x2c ../../../lib/libimage.a(image.o)
 .bss.xNumOfOverflows
                0x0006714c        0x4 ../../../lib/libfreertos.a(tasks.o)
 .bss.pxDelayedTaskList
                0x00067150        0x4 ../../../lib/libfreertos.a(tasks.o)
 .bss.xSchedulerRunning
                0x00067154        0x4 ../../../lib/libfreertos.a(tasks.o)
 .bss.uxTasksDeleted
                0x00067158        0x4 ../../../lib/libfreertos.a(tasks.o)
 .bss.xDelayedTaskList1
                0x0006715c       0x14 ../../../lib/libfreertos.a(tasks.o)
 .bss.pxOverflowDelayedTaskList
                0x00067170        0x4 ../../../lib/libfreertos.a(tasks.o)
 .bss.uxPendedTicks
                0x00067174        0x4 ../../../lib/libfreertos.a(tasks.o)
 .bss.pxReadyTasksLists
                0x00067178       0x8c ../../../lib/libfreertos.a(tasks.o)
 .bss.xTasksWaitingTermination
                0x00067204       0x14 ../../../lib/libfreertos.a(tasks.o)
 .bss.pxCurrentTCB
                0x00067218        0x4 ../../../lib/libfreertos.a(tasks.o)
                0x00067218                pxCurrentTCB
 .bss.xPendingReadyList
                0x0006721c       0x14 ../../../lib/libfreertos.a(tasks.o)
 .bss.uxSchedulerSuspended
                0x00067230        0x4 ../../../lib/libfreertos.a(tasks.o)
 .bss.xTickCount
                0x00067234        0x4 ../../../lib/libfreertos.a(tasks.o)
 .bss.xNextTaskUnblockTime
                0x00067238        0x4 ../../../lib/libfreertos.a(tasks.o)
 .bss.uxTaskNumber
                0x0006723c        0x4 ../../../lib/libfreertos.a(tasks.o)
 .bss.uxCurrentNumberOfTasks
                0x00067240        0x4 ../../../lib/libfreertos.a(tasks.o)
 .bss.xDelayedTaskList2
                0x00067244       0x14 ../../../lib/libfreertos.a(tasks.o)
 .bss.xIdleTaskHandle
                0x00067258        0x4 ../../../lib/libfreertos.a(tasks.o)
 .bss.xSuspendedTaskList
                0x0006725c       0x14 ../../../lib/libfreertos.a(tasks.o)
 .bss.uxTopReadyPriority
                0x00067270        0x4 ../../../lib/libfreertos.a(tasks.o)
 .bss.xYieldPending
                0x00067274        0x4 ../../../lib/libfreertos.a(tasks.o)
 .bss.pxCurrentTimerList
                0x00067278        0x4 ../../../lib/libfreertos.a(timers.o)
 .bss.xActiveTimerList1
                0x0006727c       0x14 ../../../lib/libfreertos.a(timers.o)
 .bss.xActiveTimerList2
                0x00067290       0x14 ../../../lib/libfreertos.a(timers.o)
 .bss.xTimerQueue
                0x000672a4        0x4 ../../../lib/libfreertos.a(timers.o)
 .bss.pxOverflowTimerList
                0x000672a8        0x4 ../../../lib/libfreertos.a(timers.o)
 .bss.xLastTime.5214
                0x000672ac        0x4 ../../../lib/libfreertos.a(timers.o)
 .bss.__malloc_sbrk_start
                0x000672b0        0x4 /home/sandra/tools/gcc-arm-none-eabi-4_9-2015q2/bin/../lib/gcc/arm-none-eabi/4.9.3/../../../../arm-none-eabi/lib/armv7e-m/softfp/libc_nano.a(lib_a-nano-mallocr.o)
                0x000672b0                __malloc_sbrk_start
 .bss.__malloc_free_list
                0x000672b4        0x4 /home/sandra/tools/gcc-arm-none-eabi-4_9-2015q2/bin/../lib/gcc/arm-none-eabi/4.9.3/../../../../arm-none-eabi/lib/armv7e-m/softfp/libc_nano.a(lib_a-nano-mallocr.o)
                0x000672b4                __malloc_free_list
 *(COMMON)
 COMMON         0x000672b8        0x4 /home/sandra/tools/gcc-arm-none-eabi-4_9-2015q2/bin/../lib/gcc/arm-none-eabi/4.9.3/../../../../arm-none-eabi/lib/armv7e-m/softfp/libc_nano.a(lib_a-reent.o)
                0x000672b8                errno
                0x000672bc                . = ALIGN (0x4)
                0x000672bc                __bss_end__ = .
                0x000672bc                _ebss = .

.heap           0x000672bc        0x0
                0x000672bc                __end__ = .
                0x000672bc                end = __end__
 *(.heap*)
                0x000672bc                __HeapLimit = .

.stack_dummy    0x000672bc        0x0
 *(.stack*)
                0x00080000                __StackTop = (ORIGIN (RAM1) + 0x19000)
                0x00080000                _estack = __StackTop
                0x00080000                __StackLimit = (__StackTop - SIZEOF (.stack_dummy))
                0x00080000                PROVIDE (__stack, __StackTop)
                0x00000001                ASSERT ((__StackLimit >= __HeapLimit), region RAM1 overflowed with stack)
OUTPUT(bootloader.axf elf32-littlearm)

.ARM.attributes
                0x00000000       0x2e
 .ARM.attributes
                0x00000000       0x22 /home/sandra/tools/gcc-arm-none-eabi-4_9-2015q2/bin/../lib/gcc/arm-none-eabi/4.9.3/armv7e-m/softfp/crti.o
 .ARM.attributes
                0x00000022       0x32 /home/sandra/tools/gcc-arm-none-eabi-4_9-2015q2/bin/../lib/gcc/arm-none-eabi/4.9.3/armv7e-m/softfp/crtbegin.o
 .ARM.attributes
                0x00000054       0x20 /home/sandra/tools/gcc-arm-none-eabi-4_9-2015q2/bin/../lib/gcc/arm-none-eabi/4.9.3/../../../../arm-none-eabi/lib/armv7e-m/softfp/crt0.o
 .ARM.attributes
                0x00000074       0x37 ../main.o
 .ARM.attributes
                0x000000ab       0x37 ../../../project/common/startup/gcc/retarget.o
 .ARM.attributes
                0x000000e2       0x37 ../../../project/common/startup/gcc/retarget_main.o
 .ARM.attributes
                0x00000119       0x37 ../../../project/common/startup/gcc/retarget_stdout.o
 .ARM.attributes
                0x00000150       0x21 ../../../project/common/startup/gcc/startup.o
 .ARM.attributes
                0x00000171       0x37 ../../../project/common/board/board.o
 .ARM.attributes
                0x000001a8       0x37 ../../../project/common/board/board_common.o
 .ARM.attributes
                0x000001df       0x37 ../../../project/common/board/xr871_bl_base/board_config.o
 .ARM.attributes
                0x00000216       0x37 ../../../lib/libchip.a(hal_dma.o)
 .ARM.attributes
                0x0000024d       0x37 ../../../lib/libchip.a(hal_nvic.o)
 .ARM.attributes
                0x00000284       0x37 ../../../lib/libchip.a(hal_util.o)
 .ARM.attributes
                0x000002bb       0x37 ../../../lib/libchip.a(hal_prcm.o)
 .ARM.attributes
                0x000002f2       0x37 ../../../lib/libchip.a(hal_flash.o)
 .ARM.attributes
                0x00000329       0x37 ../../../lib/libchip.a(hal_rtc.o)
 .ARM.attributes
                0x00000360       0x37 ../../../lib/libchip.a(hal_ccm.o)
 .ARM.attributes
                0x00000397       0x37 ../../../lib/libchip.a(hal_uart.o)
 .ARM.attributes
                0x000003ce       0x37 ../../../lib/libchip.a(system_chip.o)
 .ARM.attributes
                0x00000405       0x37 ../../../lib/libchip.a(hal_global.o)
 .ARM.attributes
                0x0000043c       0x37 ../../../lib/libchip.a(hal_board.o)
 .ARM.attributes
                0x00000473       0x37 ../../../lib/libchip.a(hal_wdg.o)
 .ARM.attributes
                0x000004aa       0x37 ../../../lib/libchip.a(hal_efuse.o)
 .ARM.attributes
                0x000004e1       0x37 ../../../lib/libchip.a(hal_gpio.o)
 .ARM.attributes
                0x00000518       0x37 ../../../lib/libchip.a(hal_flashctrl.o)
 .ARM.attributes
                0x0000054f       0x37 ../../../lib/libchip.a(flash_chip.o)
 .ARM.attributes
                0x00000586       0x37 ../../../lib/libchip.a(flash_default.o)
 .ARM.attributes
                0x000005bd       0x37 ../../../lib/libimage.a(flash.o)
 .ARM.attributes
                0x000005f4       0x37 ../../../lib/libimage.a(image.o)
 .ARM.attributes
                0x0000062b       0x37 ../../../lib/libimage.a(fdcm.o)
 .ARM.attributes
                0x00000662       0x37 ../../../lib/libos.a(os_thread.o)
 .ARM.attributes
                0x00000699       0x37 ../../../lib/libos.a(os_semaphore.o)
 .ARM.attributes
                0x000006d0       0x37 ../../../lib/libos.a(os_mutex.o)
 .ARM.attributes
                0x00000707       0x37 ../../../lib/libuncompress.a(xz_dec_stream.o)
 .ARM.attributes
                0x0000073e       0x37 ../../../lib/libuncompress.a(xz_crc32.o)
 .ARM.attributes
                0x00000775       0x37 ../../../lib/libuncompress.a(xz_dec_lzma2.o)
 .ARM.attributes
                0x000007ac       0x37 ../../../lib/libfreertos.a(queue.o)
 .ARM.attributes
                0x000007e3       0x37 ../../../lib/libfreertos.a(list.o)
 .ARM.attributes
                0x0000081a       0x37 ../../../lib/libfreertos.a(tasks.o)
 .ARM.attributes
                0x00000851       0x37 ../../../lib/libfreertos.a(timers.o)
 .ARM.attributes
                0x00000888       0x37 ../../../lib/libfreertos.a(port.o)
 .ARM.attributes
                0x000008bf       0x37 ../../../lib/libfreertos.a(heap_stdlib.o)
 .ARM.attributes
                0x000008f6       0x32 /home/sandra/tools/gcc-arm-none-eabi-4_9-2015q2/bin/../lib/gcc/arm-none-eabi/4.9.3/../../../../arm-none-eabi/lib/armv7e-m/softfp/libc_nano.a(lib_a-exit.o)
 .ARM.attributes
                0x00000928       0x32 /home/sandra/tools/gcc-arm-none-eabi-4_9-2015q2/bin/../lib/gcc/arm-none-eabi/4.9.3/../../../../arm-none-eabi/lib/armv7e-m/softfp/libc_nano.a(lib_a-impure.o)
 .ARM.attributes
                0x0000095a       0x32 /home/sandra/tools/gcc-arm-none-eabi-4_9-2015q2/bin/../lib/gcc/arm-none-eabi/4.9.3/../../../../arm-none-eabi/lib/armv7e-m/softfp/libc_nano.a(lib_a-init.o)
 .ARM.attributes
                0x0000098c       0x32 /home/sandra/tools/gcc-arm-none-eabi-4_9-2015q2/bin/../lib/gcc/arm-none-eabi/4.9.3/../../../../arm-none-eabi/lib/armv7e-m/softfp/libc_nano.a(lib_a-memcmp.o)
 .ARM.attributes
                0x000009be       0x32 /home/sandra/tools/gcc-arm-none-eabi-4_9-2015q2/bin/../lib/gcc/arm-none-eabi/4.9.3/../../../../arm-none-eabi/lib/armv7e-m/softfp/libc_nano.a(lib_a-memcpy.o)
 .ARM.attributes
                0x000009f0       0x32 /home/sandra/tools/gcc-arm-none-eabi-4_9-2015q2/bin/../lib/gcc/arm-none-eabi/4.9.3/../../../../arm-none-eabi/lib/armv7e-m/softfp/libc_nano.a(lib_a-memmove.o)
 .ARM.attributes
                0x00000a22       0x32 /home/sandra/tools/gcc-arm-none-eabi-4_9-2015q2/bin/../lib/gcc/arm-none-eabi/4.9.3/../../../../arm-none-eabi/lib/armv7e-m/softfp/libc_nano.a(lib_a-memset.o)
 .ARM.attributes
                0x00000a54       0x32 /home/sandra/tools/gcc-arm-none-eabi-4_9-2015q2/bin/../lib/gcc/arm-none-eabi/4.9.3/../../../../arm-none-eabi/lib/armv7e-m/softfp/libc_nano.a(lib_a-printf.o)
 .ARM.attributes
                0x00000a86       0x32 /home/sandra/tools/gcc-arm-none-eabi-4_9-2015q2/bin/../lib/gcc/arm-none-eabi/4.9.3/../../../../arm-none-eabi/lib/armv7e-m/softfp/libc_nano.a(lib_a-puts.o)
 .ARM.attributes
                0x00000ab8       0x32 /home/sandra/tools/gcc-arm-none-eabi-4_9-2015q2/bin/../lib/gcc/arm-none-eabi/4.9.3/../../../../arm-none-eabi/lib/armv7e-m/softfp/libc_nano.a(lib_a-wbuf.o)
 .ARM.attributes
                0x00000aea       0x32 /home/sandra/tools/gcc-arm-none-eabi-4_9-2015q2/bin/../lib/gcc/arm-none-eabi/4.9.3/../../../../arm-none-eabi/lib/armv7e-m/softfp/libc_nano.a(lib_a-wsetup.o)
 .ARM.attributes
                0x00000b1c       0x32 /home/sandra/tools/gcc-arm-none-eabi-4_9-2015q2/bin/../lib/gcc/arm-none-eabi/4.9.3/../../../../arm-none-eabi/lib/armv7e-m/softfp/libc_nano.a(lib_a-fflush.o)
 .ARM.attributes
                0x00000b4e       0x32 /home/sandra/tools/gcc-arm-none-eabi-4_9-2015q2/bin/../lib/gcc/arm-none-eabi/4.9.3/../../../../arm-none-eabi/lib/armv7e-m/softfp/libc_nano.a(lib_a-findfp.o)
 .ARM.attributes
                0x00000b80       0x32 /home/sandra/tools/gcc-arm-none-eabi-4_9-2015q2/bin/../lib/gcc/arm-none-eabi/4.9.3/../../../../arm-none-eabi/lib/armv7e-m/softfp/libc_nano.a(lib_a-fwalk.o)
 .ARM.attributes
                0x00000bb2       0x32 /home/sandra/tools/gcc-arm-none-eabi-4_9-2015q2/bin/../lib/gcc/arm-none-eabi/4.9.3/../../../../arm-none-eabi/lib/armv7e-m/softfp/libc_nano.a(lib_a-makebuf.o)
 .ARM.attributes
                0x00000be4       0x32 /home/sandra/tools/gcc-arm-none-eabi-4_9-2015q2/bin/../lib/gcc/arm-none-eabi/4.9.3/../../../../arm-none-eabi/lib/armv7e-m/softfp/libc_nano.a(lib_a-nano-vfprintf.o)
 .ARM.attributes
                0x00000c16       0x32 /home/sandra/tools/gcc-arm-none-eabi-4_9-2015q2/bin/../lib/gcc/arm-none-eabi/4.9.3/../../../../arm-none-eabi/lib/armv7e-m/softfp/libc_nano.a(lib_a-nano-vfprintf_i.o)
 .ARM.attributes
                0x00000c48       0x32 /home/sandra/tools/gcc-arm-none-eabi-4_9-2015q2/bin/../lib/gcc/arm-none-eabi/4.9.3/../../../../arm-none-eabi/lib/armv7e-m/softfp/libc_nano.a(lib_a-stdio.o)
 .ARM.attributes
                0x00000c7a       0x32 /home/sandra/tools/gcc-arm-none-eabi-4_9-2015q2/bin/../lib/gcc/arm-none-eabi/4.9.3/../../../../arm-none-eabi/lib/armv7e-m/softfp/libc_nano.a(lib_a-writer.o)
 .ARM.attributes
                0x00000cac       0x32 /home/sandra/tools/gcc-arm-none-eabi-4_9-2015q2/bin/../lib/gcc/arm-none-eabi/4.9.3/../../../../arm-none-eabi/lib/armv7e-m/softfp/libc_nano.a(lib_a-closer.o)
 .ARM.attributes
                0x00000cde       0x32 /home/sandra/tools/gcc-arm-none-eabi-4_9-2015q2/bin/../lib/gcc/arm-none-eabi/4.9.3/../../../../arm-none-eabi/lib/armv7e-m/softfp/libc_nano.a(lib_a-fstatr.o)
 .ARM.attributes
                0x00000d10       0x32 /home/sandra/tools/gcc-arm-none-eabi-4_9-2015q2/bin/../lib/gcc/arm-none-eabi/4.9.3/../../../../arm-none-eabi/lib/armv7e-m/softfp/libc_nano.a(lib_a-isattyr.o)
 .ARM.attributes
                0x00000d42       0x32 /home/sandra/tools/gcc-arm-none-eabi-4_9-2015q2/bin/../lib/gcc/arm-none-eabi/4.9.3/../../../../arm-none-eabi/lib/armv7e-m/softfp/libc_nano.a(lib_a-lseekr.o)
 .ARM.attributes
                0x00000d74       0x32 /home/sandra/tools/gcc-arm-none-eabi-4_9-2015q2/bin/../lib/gcc/arm-none-eabi/4.9.3/../../../../arm-none-eabi/lib/armv7e-m/softfp/libc_nano.a(lib_a-memchr.o)
 .ARM.attributes
                0x00000da6       0x32 /home/sandra/tools/gcc-arm-none-eabi-4_9-2015q2/bin/../lib/gcc/arm-none-eabi/4.9.3/../../../../arm-none-eabi/lib/armv7e-m/softfp/libc_nano.a(lib_a-readr.o)
 .ARM.attributes
                0x00000dd8       0x32 /home/sandra/tools/gcc-arm-none-eabi-4_9-2015q2/bin/../lib/gcc/arm-none-eabi/4.9.3/../../../../arm-none-eabi/lib/armv7e-m/softfp/libc_nano.a(lib_a-reent.o)
 .ARM.attributes
                0x00000e0a       0x22 /home/sandra/tools/gcc-arm-none-eabi-4_9-2015q2/bin/../lib/gcc/arm-none-eabi/4.9.3/armv7e-m/softfp/libgcc.a(_lshrdi3.o)
 .ARM.attributes
                0x00000e2c       0x22 /home/sandra/tools/gcc-arm-none-eabi-4_9-2015q2/bin/../lib/gcc/arm-none-eabi/4.9.3/armv7e-m/softfp/libgcc.a(_ashldi3.o)
 .ARM.attributes
                0x00000e4e       0x22 /home/sandra/tools/gcc-arm-none-eabi-4_9-2015q2/bin/../lib/gcc/arm-none-eabi/4.9.3/armv7e-m/softfp/libgcc.a(_aeabi_uldivmod.o)
 .ARM.attributes
                0x00000e70       0x32 /home/sandra/tools/gcc-arm-none-eabi-4_9-2015q2/bin/../lib/gcc/arm-none-eabi/4.9.3/armv7e-m/softfp/libgcc.a(bpabi.o)
 .ARM.attributes
                0x00000ea2       0x22 /home/sandra/tools/gcc-arm-none-eabi-4_9-2015q2/bin/../lib/gcc/arm-none-eabi/4.9.3/armv7e-m/softfp/libgcc.a(_dvmd_tls.o)
 .ARM.attributes
                0x00000ec4       0x32 /home/sandra/tools/gcc-arm-none-eabi-4_9-2015q2/bin/../lib/gcc/arm-none-eabi/4.9.3/armv7e-m/softfp/libgcc.a(_divdi3.o)
 .ARM.attributes
                0x00000ef6       0x32 /home/sandra/tools/gcc-arm-none-eabi-4_9-2015q2/bin/../lib/gcc/arm-none-eabi/4.9.3/armv7e-m/softfp/libgcc.a(_udivdi3.o)
 .ARM.attributes
                0x00000f28       0x32 /home/sandra/tools/gcc-arm-none-eabi-4_9-2015q2/bin/../lib/gcc/arm-none-eabi/4.9.3/../../../../arm-none-eabi/lib/armv7e-m/softfp/libnosys.a(close.o)
 .ARM.attributes
                0x00000f5a       0x32 /home/sandra/tools/gcc-arm-none-eabi-4_9-2015q2/bin/../lib/gcc/arm-none-eabi/4.9.3/../../../../arm-none-eabi/lib/armv7e-m/softfp/libnosys.a(fstat.o)
 .ARM.attributes
                0x00000f8c       0x32 /home/sandra/tools/gcc-arm-none-eabi-4_9-2015q2/bin/../lib/gcc/arm-none-eabi/4.9.3/../../../../arm-none-eabi/lib/armv7e-m/softfp/libnosys.a(isatty.o)
 .ARM.attributes
                0x00000fbe       0x32 /home/sandra/tools/gcc-arm-none-eabi-4_9-2015q2/bin/../lib/gcc/arm-none-eabi/4.9.3/../../../../arm-none-eabi/lib/armv7e-m/softfp/libnosys.a(lseek.o)
 .ARM.attributes
                0x00000ff0       0x32 /home/sandra/tools/gcc-arm-none-eabi-4_9-2015q2/bin/../lib/gcc/arm-none-eabi/4.9.3/../../../../arm-none-eabi/lib/armv7e-m/softfp/libnosys.a(read.o)
 .ARM.attributes
                0x00001022       0x37 ../../../lib/libxrc.a(wrap_malloc.o)
 .ARM.attributes
                0x00001059       0x32 /home/sandra/tools/gcc-arm-none-eabi-4_9-2015q2/bin/../lib/gcc/arm-none-eabi/4.9.3/../../../../arm-none-eabi/lib/armv7e-m/softfp/libc_nano.a(lib_a-malloc.o)
 .ARM.attributes
                0x0000108b       0x32 /home/sandra/tools/gcc-arm-none-eabi-4_9-2015q2/bin/../lib/gcc/arm-none-eabi/4.9.3/../../../../arm-none-eabi/lib/armv7e-m/softfp/libc_nano.a(lib_a-nano-freer.o)
 .ARM.attributes
                0x000010bd       0x32 /home/sandra/tools/gcc-arm-none-eabi-4_9-2015q2/bin/../lib/gcc/arm-none-eabi/4.9.3/../../../../arm-none-eabi/lib/armv7e-m/softfp/libc_nano.a(lib_a-nano-mallocr.o)
 .ARM.attributes
                0x000010ef       0x32 /home/sandra/tools/gcc-arm-none-eabi-4_9-2015q2/bin/../lib/gcc/arm-none-eabi/4.9.3/../../../../arm-none-eabi/lib/armv7e-m/softfp/libc_nano.a(lib_a-sbrkr.o)
 .ARM.attributes
                0x00001121       0x32 /home/sandra/tools/gcc-arm-none-eabi-4_9-2015q2/bin/../lib/gcc/arm-none-eabi/4.9.3/armv7e-m/softfp/crtend.o
 .ARM.attributes
                0x00001153       0x22 /home/sandra/tools/gcc-arm-none-eabi-4_9-2015q2/bin/../lib/gcc/arm-none-eabi/4.9.3/armv7e-m/softfp/crtn.o

.comment        0x00000000       0x70
 .comment       0x00000000       0x70 ../main.o
                                 0x71 (size before relaxing)
 .comment       0x00000000       0x71 ../../../project/common/startup/gcc/retarget.o
 .comment       0x00000000       0x71 ../../../project/common/startup/gcc/retarget_main.o